###############################################################################
#
# IAR ELF Linker V7.10.1.6676/W32 for ARM                 16/Apr/2020  18:39:45
# Copyright 2007-2014 IAR Systems AB.
#
#    Output file  =  
#        D:\DLP_proj\DLP_github\MKS-DLP-FIRMWARE\EWARM\mksDLP\Exe\mksDLP.out
#    Map file     =  
#        D:\DLP_proj\DLP_github\MKS-DLP-FIRMWARE\EWARM\mksDLP/List\mksDLP.map
#    Command line =  
#        D:\DLP_proj\DLP_github\MKS-DLP-FIRMWARE\EWARM\mksDLP\Obj\at24cxx.o
#        D:\DLP_proj\DLP_github\MKS-DLP-FIRMWARE\EWARM\mksDLP\Obj\bitstream.o
#        D:\DLP_proj\DLP_github\MKS-DLP-FIRMWARE\EWARM\mksDLP\Obj\blinkm.o
#        D:\DLP_proj\DLP_github\MKS-DLP-FIRMWARE\EWARM\mksDLP\Obj\bsp_driver_sd.o
#        D:\DLP_proj\DLP_github\MKS-DLP-FIRMWARE\EWARM\mksDLP\Obj\cardreader.o
#        D:\DLP_proj\DLP_github\MKS-DLP-FIRMWARE\EWARM\mksDLP\Obj\configuration_store.o
#        D:\DLP_proj\DLP_github\MKS-DLP-FIRMWARE\EWARM\mksDLP\Obj\dac_mcp4728.o
#        D:\DLP_proj\DLP_github\MKS-DLP-FIRMWARE\EWARM\mksDLP\Obj\digipot_mcp4451.o
#        D:\DLP_proj\DLP_github\MKS-DLP-FIRMWARE\EWARM\mksDLP\Obj\diskio.o
#        D:\DLP_proj\DLP_github\MKS-DLP-FIRMWARE\EWARM\mksDLP\Obj\dma.o
#        D:\DLP_proj\DLP_github\MKS-DLP-FIRMWARE\EWARM\mksDLP\Obj\draw_about.o
#        D:\DLP_proj\DLP_github\MKS-DLP-FIRMWARE\EWARM\mksDLP\Obj\draw_bind.o
#        D:\DLP_proj\DLP_github\MKS-DLP-FIRMWARE\EWARM\mksDLP\Obj\draw_change_speed.o
#        D:\DLP_proj\DLP_github\MKS-DLP-FIRMWARE\EWARM\mksDLP\Obj\draw_clean.o
#        D:\DLP_proj\DLP_github\MKS-DLP-FIRMWARE\EWARM\mksDLP\Obj\draw_detection.o
#        D:\DLP_proj\DLP_github\MKS-DLP-FIRMWARE\EWARM\mksDLP\Obj\draw_dialog.o
#        D:\DLP_proj\DLP_github\MKS-DLP-FIRMWARE\EWARM\mksDLP\Obj\draw_disk.o
#        D:\DLP_proj\DLP_github\MKS-DLP-FIRMWARE\EWARM\mksDLP\Obj\draw_ExposureTest.o
#        D:\DLP_proj\DLP_github\MKS-DLP-FIRMWARE\EWARM\mksDLP\Obj\draw_extrusion.o
#        D:\DLP_proj\DLP_github\MKS-DLP-FIRMWARE\EWARM\mksDLP\Obj\draw_fan.o
#        D:\DLP_proj\DLP_github\MKS-DLP-FIRMWARE\EWARM\mksDLP\Obj\draw_filamentchange.o
#        D:\DLP_proj\DLP_github\MKS-DLP-FIRMWARE\EWARM\mksDLP\Obj\draw_FileTransfer_ui.o
#        D:\DLP_proj\DLP_github\MKS-DLP-FIRMWARE\EWARM\mksDLP\Obj\draw_info.o
#        D:\DLP_proj\DLP_github\MKS-DLP-FIRMWARE\EWARM\mksDLP\Obj\draw_keyboard.o
#        D:\DLP_proj\DLP_github\MKS-DLP-FIRMWARE\EWARM\mksDLP\Obj\draw_language.o
#        D:\DLP_proj\DLP_github\MKS-DLP-FIRMWARE\EWARM\mksDLP\Obj\draw_manual_leveling.o
#        D:\DLP_proj\DLP_github\MKS-DLP-FIRMWARE\EWARM\mksDLP\Obj\draw_mesh_leveling.o
#        D:\DLP_proj\DLP_github\MKS-DLP-FIRMWARE\EWARM\mksDLP\Obj\draw_more.o
#        D:\DLP_proj\DLP_github\MKS-DLP-FIRMWARE\EWARM\mksDLP\Obj\draw_move_motor.o
#        D:\DLP_proj\DLP_github\MKS-DLP-FIRMWARE\EWARM\mksDLP\Obj\draw_operate.o
#        D:\DLP_proj\DLP_github\MKS-DLP-FIRMWARE\EWARM\mksDLP\Obj\draw_pre_heat.o
#        D:\DLP_proj\DLP_github\MKS-DLP-FIRMWARE\EWARM\mksDLP\Obj\draw_preview.o
#        D:\DLP_proj\DLP_github\MKS-DLP-FIRMWARE\EWARM\mksDLP\Obj\draw_print_file.o
#        D:\DLP_proj\DLP_github\MKS-DLP-FIRMWARE\EWARM\mksDLP\Obj\draw_printing.o
#        D:\DLP_proj\DLP_github\MKS-DLP-FIRMWARE\EWARM\mksDLP\Obj\draw_printing_moremenu.o
#        D:\DLP_proj\DLP_github\MKS-DLP-FIRMWARE\EWARM\mksDLP\Obj\draw_ready_print.o
#        D:\DLP_proj\DLP_github\MKS-DLP-FIRMWARE\EWARM\mksDLP\Obj\draw_service.o
#        D:\DLP_proj\DLP_github\MKS-DLP-FIRMWARE\EWARM\mksDLP\Obj\draw_set.o
#        D:\DLP_proj\DLP_github\MKS-DLP-FIRMWARE\EWARM\mksDLP\Obj\draw_tool.o
#        D:\DLP_proj\DLP_github\MKS-DLP-FIRMWARE\EWARM\mksDLP\Obj\draw_ui.o
#        D:\DLP_proj\DLP_github\MKS-DLP-FIRMWARE\EWARM\mksDLP\Obj\draw_wifi.o
#        D:\DLP_proj\DLP_github\MKS-DLP-FIRMWARE\EWARM\mksDLP\Obj\draw_zero.o
#        D:\DLP_proj\DLP_github\MKS-DLP-FIRMWARE\EWARM\mksDLP\Obj\endstops.o
#        D:\DLP_proj\DLP_github\MKS-DLP-FIRMWARE\EWARM\mksDLP\Obj\fatfs.o
#        D:\DLP_proj\DLP_github\MKS-DLP-FIRMWARE\EWARM\mksDLP\Obj\ff.o
#        D:\DLP_proj\DLP_github\MKS-DLP-FIRMWARE\EWARM\mksDLP\Obj\ff_gen_drv.o
#        D:\DLP_proj\DLP_github\MKS-DLP-FIRMWARE\EWARM\mksDLP\Obj\Font24_MS.o
#        D:\DLP_proj\DLP_github\MKS-DLP-FIRMWARE\EWARM\mksDLP\Obj\fsmc.o
#        D:\DLP_proj\DLP_github\MKS-DLP-FIRMWARE\EWARM\mksDLP\Obj\G26_Mesh_Validation_Tool.o
#        D:\DLP_proj\DLP_github\MKS-DLP-FIRMWARE\EWARM\mksDLP\Obj\gcode.o
#        D:\DLP_proj\DLP_github\MKS-DLP-FIRMWARE\EWARM\mksDLP\Obj\gpio.o
#        D:\DLP_proj\DLP_github\MKS-DLP-FIRMWARE\EWARM\mksDLP\Obj\hex_print_routines.o
#        D:\DLP_proj\DLP_github\MKS-DLP-FIRMWARE\EWARM\mksDLP\Obj\i2c.o
#        D:\DLP_proj\DLP_github\MKS-DLP-FIRMWARE\EWARM\mksDLP\Obj\id_manage.o
#        D:\DLP_proj\DLP_github\MKS-DLP-FIRMWARE\EWARM\mksDLP\Obj\ili9320.o
#        D:\DLP_proj\DLP_github\MKS-DLP-FIRMWARE\EWARM\mksDLP\Obj\iwdg.o
#        D:\DLP_proj\DLP_github\MKS-DLP-FIRMWARE\EWARM\mksDLP\Obj\least_squares_fit.o
#        D:\DLP_proj\DLP_github\MKS-DLP-FIRMWARE\EWARM\mksDLP\Obj\M100_Free_Mem_Chk.o
#        D:\DLP_proj\DLP_github\MKS-DLP-FIRMWARE\EWARM\mksDLP\Obj\main.o
#        D:\DLP_proj\DLP_github\MKS-DLP-FIRMWARE\EWARM\mksDLP\Obj\Marlin_main.o
#        D:\DLP_proj\DLP_github\MKS-DLP-FIRMWARE\EWARM\mksDLP\Obj\MarlinSerial.o
#        D:\DLP_proj\DLP_github\MKS-DLP-FIRMWARE\EWARM\mksDLP\Obj\mask.o
#        D:\DLP_proj\DLP_github\MKS-DLP-FIRMWARE\EWARM\mksDLP\Obj\mesh_bed_leveling.o
#        D:\DLP_proj\DLP_github\MKS-DLP-FIRMWARE\EWARM\mksDLP\Obj\misc.o
#        D:\DLP_proj\DLP_github\MKS-DLP-FIRMWARE\EWARM\mksDLP\Obj\mks_cfg.o
#        D:\DLP_proj\DLP_github\MKS-DLP-FIRMWARE\EWARM\mksDLP\Obj\mks_fontHz14.o
#        D:\DLP_proj\DLP_github\MKS-DLP-FIRMWARE\EWARM\mksDLP\Obj\mks_test.o
#        D:\DLP_proj\DLP_github\MKS-DLP-FIRMWARE\EWARM\mksDLP\Obj\mks_touch_screen.o
#        D:\DLP_proj\DLP_github\MKS-DLP-FIRMWARE\EWARM\mksDLP\Obj\mks_variant.o
#        D:\DLP_proj\DLP_github\MKS-DLP-FIRMWARE\Middlewares\gui\mksDLP.a
#        D:\DLP_proj\DLP_github\MKS-DLP-FIRMWARE\EWARM\mksDLP\Obj\mmask.o
#        D:\DLP_proj\DLP_github\MKS-DLP-FIRMWARE\EWARM\mksDLP\Obj\mqrspec.o
#        D:\DLP_proj\DLP_github\MKS-DLP-FIRMWARE\EWARM\mksDLP\Obj\multi_language.o
#        D:\DLP_proj\DLP_github\MKS-DLP-FIRMWARE\EWARM\mksDLP\Obj\mycc936.o
#        D:\DLP_proj\DLP_github\MKS-DLP-FIRMWARE\EWARM\mksDLP\Obj\pic.o
#        D:\DLP_proj\DLP_github\MKS-DLP-FIRMWARE\EWARM\mksDLP\Obj\pic_manager.o
#        D:\DLP_proj\DLP_github\MKS-DLP-FIRMWARE\EWARM\mksDLP\Obj\planner.o
#        D:\DLP_proj\DLP_github\MKS-DLP-FIRMWARE\EWARM\mksDLP\Obj\planner_bezier.o
#        D:\DLP_proj\DLP_github\MKS-DLP-FIRMWARE\EWARM\mksDLP\Obj\Print.o
#        D:\DLP_proj\DLP_github\MKS-DLP-FIRMWARE\EWARM\mksDLP\Obj\printcounter.o
#        D:\DLP_proj\DLP_github\MKS-DLP-FIRMWARE\EWARM\mksDLP\Obj\QR_Encode.o
#        D:\DLP_proj\DLP_github\MKS-DLP-FIRMWARE\EWARM\mksDLP\Obj\qrencode.o
#        D:\DLP_proj\DLP_github\MKS-DLP-FIRMWARE\EWARM\mksDLP\Obj\qrinput.o
#        D:\DLP_proj\DLP_github\MKS-DLP-FIRMWARE\EWARM\mksDLP\Obj\qrspec.o
#        D:\DLP_proj\DLP_github\MKS-DLP-FIRMWARE\EWARM\mksDLP\Obj\RingBuffer.o
#        D:\DLP_proj\DLP_github\MKS-DLP-FIRMWARE\EWARM\mksDLP\Obj\rscode.o
#        D:\DLP_proj\DLP_github\MKS-DLP-FIRMWARE\EWARM\mksDLP\Obj\rtc.o
#        D:\DLP_proj\DLP_github\MKS-DLP-FIRMWARE\EWARM\mksDLP\Obj\sd_diskio.o
#        D:\DLP_proj\DLP_github\MKS-DLP-FIRMWARE\EWARM\mksDLP\Obj\sdio.o
#        D:\DLP_proj\DLP_github\MKS-DLP-FIRMWARE\EWARM\mksDLP\Obj\serial.o
#        D:\DLP_proj\DLP_github\MKS-DLP-FIRMWARE\EWARM\mksDLP\Obj\servo.o
#        D:\DLP_proj\DLP_github\MKS-DLP-FIRMWARE\EWARM\mksDLP\Obj\spi.o
#        D:\DLP_proj\DLP_github\MKS-DLP-FIRMWARE\EWARM\mksDLP\Obj\spi_flash.o
#        D:\DLP_proj\DLP_github\MKS-DLP-FIRMWARE\EWARM\mksDLP\Obj\split.o
#        D:\DLP_proj\DLP_github\MKS-DLP-FIRMWARE\EWARM\mksDLP\Obj\ssd2828.o
#        D:\DLP_proj\DLP_github\MKS-DLP-FIRMWARE\EWARM\mksDLP\Obj\startup_stm32f407xx.o
#        D:\DLP_proj\DLP_github\MKS-DLP-FIRMWARE\EWARM\mksDLP\Obj\stepper.o
#        D:\DLP_proj\DLP_github\MKS-DLP-FIRMWARE\EWARM\mksDLP\Obj\stepper_dac.o
#        D:\DLP_proj\DLP_github\MKS-DLP-FIRMWARE\EWARM\mksDLP\Obj\stepper_indirection.o
#        D:\DLP_proj\DLP_github\MKS-DLP-FIRMWARE\EWARM\mksDLP\Obj\stm32f4xx_fsmc.o
#        D:\DLP_proj\DLP_github\MKS-DLP-FIRMWARE\EWARM\mksDLP\Obj\stm32f4xx_gpio.o
#        D:\DLP_proj\DLP_github\MKS-DLP-FIRMWARE\EWARM\mksDLP\Obj\stm32f4xx_hal.o
#        D:\DLP_proj\DLP_github\MKS-DLP-FIRMWARE\EWARM\mksDLP\Obj\stm32f4xx_hal_adc.o
#        D:\DLP_proj\DLP_github\MKS-DLP-FIRMWARE\EWARM\mksDLP\Obj\stm32f4xx_hal_adc_ex.o
#        D:\DLP_proj\DLP_github\MKS-DLP-FIRMWARE\EWARM\mksDLP\Obj\stm32f4xx_hal_cortex.o
#        D:\DLP_proj\DLP_github\MKS-DLP-FIRMWARE\EWARM\mksDLP\Obj\stm32f4xx_hal_dac.o
#        D:\DLP_proj\DLP_github\MKS-DLP-FIRMWARE\EWARM\mksDLP\Obj\stm32f4xx_hal_dac_ex.o
#        D:\DLP_proj\DLP_github\MKS-DLP-FIRMWARE\EWARM\mksDLP\Obj\stm32f4xx_hal_dma.o
#        D:\DLP_proj\DLP_github\MKS-DLP-FIRMWARE\EWARM\mksDLP\Obj\stm32f4xx_hal_dma_ex.o
#        D:\DLP_proj\DLP_github\MKS-DLP-FIRMWARE\EWARM\mksDLP\Obj\stm32f4xx_hal_flash.o
#        D:\DLP_proj\DLP_github\MKS-DLP-FIRMWARE\EWARM\mksDLP\Obj\stm32f4xx_hal_flash_ex.o
#        D:\DLP_proj\DLP_github\MKS-DLP-FIRMWARE\EWARM\mksDLP\Obj\stm32f4xx_hal_flash_ramfunc.o
#        D:\DLP_proj\DLP_github\MKS-DLP-FIRMWARE\EWARM\mksDLP\Obj\stm32f4xx_hal_gpio.o
#        D:\DLP_proj\DLP_github\MKS-DLP-FIRMWARE\EWARM\mksDLP\Obj\stm32f4xx_hal_hcd.o
#        D:\DLP_proj\DLP_github\MKS-DLP-FIRMWARE\EWARM\mksDLP\Obj\stm32f4xx_hal_i2c.o
#        D:\DLP_proj\DLP_github\MKS-DLP-FIRMWARE\EWARM\mksDLP\Obj\stm32f4xx_hal_i2c_ex.o
#        D:\DLP_proj\DLP_github\MKS-DLP-FIRMWARE\EWARM\mksDLP\Obj\stm32f4xx_hal_iwdg.o
#        D:\DLP_proj\DLP_github\MKS-DLP-FIRMWARE\EWARM\mksDLP\Obj\stm32f4xx_hal_msp.o
#        D:\DLP_proj\DLP_github\MKS-DLP-FIRMWARE\EWARM\mksDLP\Obj\stm32f4xx_hal_pwr.o
#        D:\DLP_proj\DLP_github\MKS-DLP-FIRMWARE\EWARM\mksDLP\Obj\stm32f4xx_hal_pwr_ex.o
#        D:\DLP_proj\DLP_github\MKS-DLP-FIRMWARE\EWARM\mksDLP\Obj\stm32f4xx_hal_rcc.o
#        D:\DLP_proj\DLP_github\MKS-DLP-FIRMWARE\EWARM\mksDLP\Obj\stm32f4xx_hal_rcc_ex.o
#        D:\DLP_proj\DLP_github\MKS-DLP-FIRMWARE\EWARM\mksDLP\Obj\stm32f4xx_hal_rtc.o
#        D:\DLP_proj\DLP_github\MKS-DLP-FIRMWARE\EWARM\mksDLP\Obj\stm32f4xx_hal_rtc_ex.o
#        D:\DLP_proj\DLP_github\MKS-DLP-FIRMWARE\EWARM\mksDLP\Obj\stm32f4xx_hal_sd.o
#        D:\DLP_proj\DLP_github\MKS-DLP-FIRMWARE\EWARM\mksDLP\Obj\stm32f4xx_hal_spi.o
#        D:\DLP_proj\DLP_github\MKS-DLP-FIRMWARE\EWARM\mksDLP\Obj\stm32f4xx_hal_sram.o
#        D:\DLP_proj\DLP_github\MKS-DLP-FIRMWARE\EWARM\mksDLP\Obj\stm32f4xx_hal_tim.o
#        D:\DLP_proj\DLP_github\MKS-DLP-FIRMWARE\EWARM\mksDLP\Obj\stm32f4xx_hal_tim_ex.o
#        D:\DLP_proj\DLP_github\MKS-DLP-FIRMWARE\EWARM\mksDLP\Obj\stm32f4xx_hal_uart.o
#        D:\DLP_proj\DLP_github\MKS-DLP-FIRMWARE\EWARM\mksDLP\Obj\stm32f4xx_it.o
#        D:\DLP_proj\DLP_github\MKS-DLP-FIRMWARE\EWARM\mksDLP\Obj\stm32f4xx_ll_fsmc.o
#        D:\DLP_proj\DLP_github\MKS-DLP-FIRMWARE\EWARM\mksDLP\Obj\stm32f4xx_ll_sdmmc.o
#        D:\DLP_proj\DLP_github\MKS-DLP-FIRMWARE\EWARM\mksDLP\Obj\stm32f4xx_ll_usb.o
#        D:\DLP_proj\DLP_github\MKS-DLP-FIRMWARE\EWARM\mksDLP\Obj\stm32f4xx_spi.o
#        D:\DLP_proj\DLP_github\MKS-DLP-FIRMWARE\EWARM\mksDLP\Obj\stm32f4xx_usart.o
#        D:\DLP_proj\DLP_github\MKS-DLP-FIRMWARE\EWARM\mksDLP\Obj\stopwatch.o
#        D:\DLP_proj\DLP_github\MKS-DLP-FIRMWARE\EWARM\mksDLP\Obj\Stream.o
#        D:\DLP_proj\DLP_github\MKS-DLP-FIRMWARE\EWARM\mksDLP\Obj\string_deal.o
#        D:\DLP_proj\DLP_github\MKS-DLP-FIRMWARE\EWARM\mksDLP\Obj\syscall.o
#        D:\DLP_proj\DLP_github\MKS-DLP-FIRMWARE\EWARM\mksDLP\Obj\system_stm32f4xx.o
#        D:\DLP_proj\DLP_github\MKS-DLP-FIRMWARE\EWARM\mksDLP\Obj\temperature.o
#        D:\DLP_proj\DLP_github\MKS-DLP-FIRMWARE\EWARM\mksDLP\Obj\tim.o
#        D:\DLP_proj\DLP_github\MKS-DLP-FIRMWARE\EWARM\mksDLP\Obj\twibus.o
#        D:\DLP_proj\DLP_github\MKS-DLP-FIRMWARE\EWARM\mksDLP\Obj\ubl.o
#        D:\DLP_proj\DLP_github\MKS-DLP-FIRMWARE\EWARM\mksDLP\Obj\ubl_G29.o
#        D:\DLP_proj\DLP_github\MKS-DLP-FIRMWARE\EWARM\mksDLP\Obj\ubl_motion.o
#        D:\DLP_proj\DLP_github\MKS-DLP-FIRMWARE\EWARM\mksDLP\Obj\usart.o
#        D:\DLP_proj\DLP_github\MKS-DLP-FIRMWARE\EWARM\mksDLP\Obj\USARTClass.o
#        D:\DLP_proj\DLP_github\MKS-DLP-FIRMWARE\EWARM\mksDLP\Obj\usb_host.o
#        D:\DLP_proj\DLP_github\MKS-DLP-FIRMWARE\EWARM\mksDLP\Obj\usbh_conf.o
#        D:\DLP_proj\DLP_github\MKS-DLP-FIRMWARE\EWARM\mksDLP\Obj\usbh_core.o
#        D:\DLP_proj\DLP_github\MKS-DLP-FIRMWARE\EWARM\mksDLP\Obj\usbh_ctlreq.o
#        D:\DLP_proj\DLP_github\MKS-DLP-FIRMWARE\EWARM\mksDLP\Obj\usbh_diskio.o
#        D:\DLP_proj\DLP_github\MKS-DLP-FIRMWARE\EWARM\mksDLP\Obj\usbh_ioreq.o
#        D:\DLP_proj\DLP_github\MKS-DLP-FIRMWARE\EWARM\mksDLP\Obj\usbh_msc.o
#        D:\DLP_proj\DLP_github\MKS-DLP-FIRMWARE\EWARM\mksDLP\Obj\usbh_msc_bot.o
#        D:\DLP_proj\DLP_github\MKS-DLP-FIRMWARE\EWARM\mksDLP\Obj\usbh_msc_scsi.o
#        D:\DLP_proj\DLP_github\MKS-DLP-FIRMWARE\EWARM\mksDLP\Obj\usbh_pipes.o
#        D:\DLP_proj\DLP_github\MKS-DLP-FIRMWARE\EWARM\mksDLP\Obj\utility.o
#        D:\DLP_proj\DLP_github\MKS-DLP-FIRMWARE\EWARM\mksDLP\Obj\vector_3.o
#        D:\DLP_proj\DLP_github\MKS-DLP-FIRMWARE\EWARM\mksDLP\Obj\watchdog.o
#        D:\DLP_proj\DLP_github\MKS-DLP-FIRMWARE\EWARM\mksDLP\Obj\wifi_module.o
#        D:\DLP_proj\DLP_github\MKS-DLP-FIRMWARE\EWARM\mksDLP\Obj\wifi_upload.o
#        D:\DLP_proj\DLP_github\MKS-DLP-FIRMWARE\EWARM\mksDLP\Obj\WMath.o
#        D:\DLP_proj\DLP_github\MKS-DLP-FIRMWARE\EWARM\mksDLP\Obj\WString.o
#        --redirect _Printf=_PrintfFull --redirect _Scanf=_ScanfFull -o
#        D:\DLP_proj\DLP_github\MKS-DLP-FIRMWARE\EWARM\mksDLP\Exe\mksDLP.out
#        --map
#        D:\DLP_proj\DLP_github\MKS-DLP-FIRMWARE\EWARM\mksDLP/List\mksDLP.map
#        --log
#        libraries,initialization,modules,redirects,sections,veneers,unused_fragments
#        --log_file
#        D:\DLP_proj\DLP_github\MKS-DLP-FIRMWARE\EWARM\mksDLP/List\mksDLP.log
#        --config
#        D:\DLP_proj\DLP_github\MKS-DLP-FIRMWARE\EWARM/stm32f407xx_flash.icf
#        --semihosting --entry __iar_program_start --vfe
#
###############################################################################

*******************************************************************************
*** RUNTIME MODEL ATTRIBUTES
***

CppFlavor                     = *
__CPP_Language                = EC++
__Heap_Handler                = DLMalloc
__SystemLibrary               = DLib
__dlib_dynamic_initialization = normal


*******************************************************************************
*** PLACEMENT SUMMARY
***

"A1":  place at 0x08010000 { ro section .intvec };
"P1":  place in [from 0x08010000 to 0x080fffff] { ro };
"P2":  place in [from 0x20000000 to 0x2001ffff] { rw, block CSTACK, block HEAP };

  Section             Kind        Address     Size  Object
  -------             ----        -------     ----  ------
"A1":                                        0x188
  .intvec             ro code  0x08010000    0x188  startup_stm32f407xx.o [1]
                             - 0x08010188    0x188

"P1":                                      0x4e4d1
  .rodata             const    0x08010188  0x100d4  Font24_MS.o [1]
  .text               ro code  0x0802025c   0x655c  Marlin_main.o [1]
  .text               ro code  0x080267b8    0xa68  cardreader.o [1]
  .text               ro code  0x08027220     0xda  stopwatch.o [1]
  .text               ro code  0x080272fa     0x14  Marlin_main.o [1]
  .text               ro code  0x0802730e     0x22  zero_init3.o [6]
  .text               ro code  0x08027330     0x6c  strncpy_unaligned.o [6]
  .text               ro code  0x0802739c     0x38  Marlin_main.o [1]
  .text               ro code  0x080273d4     0x1c  temperature.o [1]
  .text               ro code  0x080273f0    0x110  serial.o [1]
  .text               ro code  0x08027500    0x150  USARTClass.o [1]
  .text               ro code  0x08027650    0x248  Print.o [1]
  .text               ro code  0x08027898    0x21c  Marlin_main.o [1]
  .text               ro code  0x08027ab4    0x11c  Marlin_main.o [1]
  .text               ro code  0x08027bd0     0x16  Marlin_main.o [1]
  .text               ro code  0x08027be6     0x22  Marlin_main.o [1]
  .text               ro code  0x08027c08     0x20  Marlin_main.o [1]
  .text               ro code  0x08027c28    0x598  stepper.o [1]
  .text               ro code  0x080281c0     0x10  Marlin_main.o [1]
  .text               ro code  0x080281d0     0x1e  Marlin_main.o [1]
  .text               ro code  0x080281ee      0xa  xsprout.o [3]
  .text               ro code  0x080281f8      0xc  Marlin_main.o [1]
  .text               ro code  0x08028204     0x4e  FltToDbl.o [4]
  .rodata             const    0x08028252      0x2  Marlin_main.o [1]
  .text               ro code  0x08028254    0x1a2  DblMul.o [4]
  .text               ro code  0x080283f8     0x30  I32ToDbl.o [4]
  .text               ro code  0x08028428     0x90  DblToFlt.o [4]
  .text               ro code  0x080284b8     0x50  Marlin_main.o [1]
  .text               ro code  0x08028508     0x4c  planner.o [1]
  .text               ro code  0x08028554      0x4  Marlin_main.o [1]
  .text               ro code  0x08028558     0x24  Marlin_main.o [1]
  .text               ro code  0x0802857c      0x4  Marlin_main.o [1]
  .text               ro code  0x08028580     0x88  stm32f4xx_hal.o [1]
  .text               ro code  0x08028608     0x48  Marlin_main.o [1]
  .text               ro code  0x08028650     0x18  Marlin_main.o [1]
  .text               ro code  0x08028668    0x210  Marlin_main.o [1]
  .text               ro code  0x08028878     0x48  Marlin_main.o [1]
  .text               ro code  0x080288c0     0xe8  Marlin_main.o [1]
  .text               ro code  0x080289a8     0xa0  Marlin_main.o [1]
  .text               ro code  0x08028a48     0x18  Marlin_main.o [1]
  .text               ro code  0x08028a60     0x24  Marlin_main.o [1]
  .text               ro code  0x08028a84      0xc  Marlin_main.o [1]
  .text               ro code  0x08028a90     0x44  Marlin_main.o [1]
  .text               ro code  0x08028ad4     0x2c  Marlin_main.o [1]
  .text               ro code  0x08028b00    0x640  draw_ui.o [1]
  .text               ro code  0x08029140    0xae4  draw_printing.o [1]
  .text               ro code  0x08029c24     0x20  Marlin_main.o [1]
  .text               ro code  0x08029c44     0x74  Marlin_main.o [1]
  .text               ro code  0x08029cb8     0x2c  Marlin_main.o [1]
  .text               ro code  0x08029ce4      0xc  Marlin_main.o [1]
  .text               ro code  0x08029cf0     0x18  Marlin_main.o [1]
  .text               ro code  0x08029d08      0x2  Marlin_main.o [1]
  .text               ro code  0x08029d0c     0x2c  Marlin_main.o [1]
  .text               ro code  0x08029d38     0x68  Marlin_main.o [1]
  .text               ro code  0x08029da0     0x14  Marlin_main.o [1]
  .text               ro code  0x08029db4     0x4c  Marlin_main.o [1]
  .text               ro code  0x08029e00     0x7c  Marlin_main.o [1]
  .text               ro code  0x08029e7c      0xc  Marlin_main.o [1]
  .text               ro code  0x08029e88      0xc  Marlin_main.o [1]
  .text               ro code  0x08029e94      0xc  Marlin_main.o [1]
  .text               ro code  0x08029ea0     0xec  Marlin_main.o [1]
  .text               ro code  0x08029f8c     0x1c  Marlin_main.o [1]
  .text               ro code  0x08029fa8     0x88  Marlin_main.o [1]
  .text               ro code  0x0802a030      0xc  Marlin_main.o [1]
  .text               ro code  0x0802a03c      0xc  Marlin_main.o [1]
  .text               ro code  0x0802a048      0x4  Marlin_main.o [1]
  .text               ro code  0x0802a04c     0x28  Marlin_main.o [1]
  .text               ro code  0x0802a074     0x34  Marlin_main.o [1]
  .text               ro code  0x0802a0a8    0x240  Marlin_main.o [1]
  .text               ro code  0x0802a2e8     0x3c  Marlin_main.o [1]
  .text               ro code  0x0802a324     0x24  Marlin_main.o [1]
  .text               ro code  0x0802a348     0x2c  Marlin_main.o [1]
  .text               ro code  0x0802a374      0xc  Marlin_main.o [1]
  .text               ro code  0x0802a380      0xc  Marlin_main.o [1]
  .text               ro code  0x0802a38c     0x94  Marlin_main.o [1]
  .text               ro code  0x0802a420     0x1c  Marlin_main.o [1]
  .text               ro code  0x0802a43c     0xa0  Marlin_main.o [1]
  .text               ro code  0x0802a4dc      0xe  Marlin_main.o [1]
  .text               ro code  0x0802a4ec     0xb8  Marlin_main.o [1]
  .text               ro code  0x0802a5a4     0x10  Marlin_main.o [1]
  .text               ro code  0x0802a5b4     0x4c  Marlin_main.o [1]
  .text               ro code  0x0802a600      0x4  Marlin_main.o [1]
  .text               ro code  0x0802a604      0x6  Marlin_main.o [1]
  .text               ro code  0x0802a60a      0x6  Marlin_main.o [1]
  .text               ro code  0x0802a610     0x58  Marlin_main.o [1]
  .text               ro code  0x0802a668     0x40  Marlin_main.o [1]
  .text               ro code  0x0802a6a8     0x38  Marlin_main.o [1]
  .text               ro code  0x0802a6e0     0xb8  Marlin_main.o [1]
  .text               ro code  0x0802a798     0xa0  Marlin_main.o [1]
  .text               ro code  0x0802a838     0x30  Marlin_main.o [1]
  .text               ro code  0x0802a868     0xe8  Marlin_main.o [1]
  .text               ro code  0x0802a950     0x1c  Marlin_main.o [1]
  .text               ro code  0x0802a96c     0x38  Marlin_main.o [1]
  .text               ro code  0x0802a9a4     0x94  Marlin_main.o [1]
  .text               ro code  0x0802aa38    0x110  Marlin_main.o [1]
  .text               ro code  0x0802ab48     0x70  Marlin_main.o [1]
  .text               ro code  0x0802abb8      0x4  Marlin_main.o [1]
  .text               ro code  0x0802abbc    0x10c  Marlin_main.o [1]
  .text               ro code  0x0802acc8      0x4  Marlin_main.o [1]
  .text               ro code  0x0802accc      0x4  Marlin_main.o [1]
  .text               ro code  0x0802acd0      0x4  Marlin_main.o [1]
  .text               ro code  0x0802acd4     0x24  Marlin_main.o [1]
  .text               ro code  0x0802acf8      0x2  Marlin_main.o [1]
  .text               ro code  0x0802acfc     0x1c  Marlin_main.o [1]
  .text               ro code  0x0802ad18     0x24  Marlin_main.o [1]
  .text               ro code  0x0802ad3c     0x10  Marlin_main.o [1]
  .text               ro code  0x0802ad4c    0x224  gcode.o [1]
  .text               ro code  0x0802af70      0xc  memcpy.o [3]
  .text               ro code  0x0802af7c     0x44  Marlin_main.o [1]
  .text               ro code  0x0802afc0     0x14  Marlin_main.o [1]
  .text               ro code  0x0802afd4     0x1c  sqrtf.o [4]
  .text               ro code  0x0802aff0     0x6e  atan2f.o [4]
  .text               ro code  0x0802b060     0xe8  DblAdd.o [4]
  .text               ro code  0x0802b148     0x4a  floorf.o [4]
  .text               ro code  0x0802b194    0x180  DblSub.o [4]
  .text               ro code  0x0802b314      0x6  cosf.o [4]
  .text               ro code  0x0802b31a      0x6  sinf.o [4]
  .text               ro code  0x0802b320     0x18  Marlin_main.o [1]
  .text               ro code  0x0802b338    0xb8c  temperature.o [1]
  .text               ro code  0x0802bec4    0x326  stm32f4xx_hal_gpio.o [1]
  .text               ro code  0x0802c1ec     0x18  planner.o [1]
  .text               ro code  0x0802c204   0x10dc  planner.o [1]
  .text               ro code  0x0802d2e0   0x1dc0  wifi_module.o [1]
  .text               ro code  0x0802f0a0     0xf4  GUI_TOUCH_DriverAnalog.o [5]
  .text               ro code  0x0802f194     0x3c  GUI_Exec.o [5]
  .text               ro code  0x0802f1d0   0x13e4  configuration_store.o [1]
  .text               ro code  0x080305b4      0x2  Marlin_main.o [1]
  .text               ro code  0x080305b6      0x4  WString.o [1]
  .text               ro code  0x080305bc    0x244  endstops.o [1]
  .text               ro code  0x08030800    0x4a4  main.o [1]
  .text               ro code  0x08030ca4   0x117c  mks_cfg.o [1]
  .text               ro code  0x08031e20     0x76  ABImemcpy_unaligned.o [6]
  .text               ro code  0x08031e96     0x14  memset.o [3]
  .text               ro code  0x08031eaa      0x2  Marlin_main.o [1]
  .text               ro code  0x08031eac     0x34  sprintf.o [3]
  .text               ro code  0x08031ee0     0x1c  strcat.o [3]
  .text               ro code  0x08031efc     0x44  strcpy_unaligned.o [6]
  .text               ro code  0x08031f40     0x10  Marlin_main.o [1]
  .text               ro code  0x08031f50    0xa00  draw_dialog.o [1]
  .text               ro code  0x08032950    0x240  tim.o [1]
  .text               ro code  0x08032b90    0x166  at24cxx.o [1]
  .text               ro code  0x08032cf8    0x314  draw_ready_print.o [1]
  .text               ro code  0x0803300c     0x10  atof.o [4]
  .text               ro code  0x0803301c     0x12  Marlin_main.o [1]
  .text               ro code  0x0803302e     0x2c  Marlin_main.o [1]
  .text               ro code  0x0803305c    0x52c  ssd2828.o [1]
  .text               ro code  0x08033588     0x14  Marlin_main.o [1]
  .text               ro code  0x0803359c      0x8  Marlin_main.o [1]
  .text               ro code  0x080335a4    0x30a  spi.o [1]
  .text               ro code  0x080338b0    0x652  stm32f4xx_hal_spi.o [1]
  .text               ro code  0x08033f02     0x42  Marlin_main.o [1]
  .text               ro code  0x08033f44    0x268  draw_ExposureTest.o [1]
  .text               ro code  0x080341ac    0x246  DblDiv.o [4]
  .text               ro code  0x080343f4     0x58  DblToI32.o [4]
  .text               ro code  0x0803444c   0x14cc  ili9320.o [1]
  .text               ro code  0x08035918      0x8  cardreader.o [1]
  .text               ro code  0x08035920     0x84  ff_gen_drv.o [1]
  .text               ro code  0x080359a4     0x74  usb_host.o [1]
  .text               ro code  0x08035a18   0x22be  ff.o [1]
  .text               ro code  0x08037cd8      0x6  ABImemclr4.o [6]
  .text               ro code  0x08037cde      0x4  cardreader.o [1]
  .text               ro code  0x08037ce4     0x36  strlen.o [6]
  .text               ro code  0x08037d1a      0x4  WString.o [1]
  .text               ro code  0x08037d20     0x66  ABImemset.o [6]
  .text               ro code  0x08037d88     0x24  Marlin_main.o [1]
  .text               ro code  0x08037dac     0x38  RingBuffer.o [1]
  .text               ro code  0x08037de4      0x4  USARTClass.o [1]
  .text               ro code  0x08037de8     0xd0  stm32f4xx_usart.o [1]
  .text               ro code  0x08037eb8     0x24  Print.o [1]
  .text               ro code  0x08037edc     0x48  xdtest.o [4]
  .text               ro code  0x08037f24     0x2e  DblCmpGe.o [4]
  .text               ro code  0x08037f54     0x2e  DblCmpLe.o [4]
  .text               ro code  0x08037f82      0x6  strtol.o [3]
  .text               ro code  0x08037f88      0x4  WString.o [1]
  .text               ro code  0x08037f8c     0x10  Marlin_main.o [1]
  .text               ro code  0x08037f9c      0x2  Marlin_main.o [1]
  .text               ro code  0x08037fa0     0x42  strcmp_unaligned.o [6]
  .text               ro code  0x08037fe4     0x14  Marlin_main.o [1]
  .text               ro code  0x08037ff8     0x18  Marlin_main.o [1]
  .text               ro code  0x08038010    0x730  stm32f4xx_hal_tim.o [1]
  .text               ro code  0x08038740     0x1c  stepper.o [1]
  .text               ro code  0x0803875c     0x1c  stepper.o [1]
  .text               ro code  0x08038778     0x38  stepper.o [1]
  .text               ro code  0x080387b0     0x2c  stepper.o [1]
  .text               ro code  0x080387dc     0x70  stepper.o [1]
  .text               ro code  0x0803884c     0x50  stepper.o [1]
  .text               ro code  0x0803889c      0xc  stepper.o [1]
  .text               ro code  0x080388a8     0x10  stepper.o [1]
  .text               ro code  0x080388b8     0x64  planner.o [1]
  .text               ro code  0x0803891c      0x4  Marlin_main.o [1]
  .text               ro code  0x08038920    0x126  stm32f4xx_hal_cortex.o [1]
  .text               ro code  0x08038a46     0x60  stm32f4xx_hal_msp.o [1]
  .text               ro code  0x08038aa8      0xc  temperature.o [1]
  .text               ro code  0x08038ab4    0x100  sqrt.o [4]
  .text               ro code  0x08038bb4      0x4  Marlin_main.o [1]
  .text               ro code  0x08038bb8     0x1c  Marlin_main.o [1]
  .text               ro code  0x08038bd4      0x4  Marlin_main.o [1]
  .text               ro code  0x08038bd8     0x14  Marlin_main.o [1]
  .text               ro code  0x08038bec     0x14  Marlin_main.o [1]
  .text               ro code  0x08038c00      0x2  Marlin_main.o [1]
  .text               ro code  0x08038c04      0xc  Marlin_main.o [1]
  .text               ro code  0x08038c10     0xec  GUICore.o [5]
  .text               ro code  0x08038cfc    0x978  draw_print_file.o [1]
  .text               ro code  0x08039674    0x79c  draw_move_motor.o [1]
  .text               ro code  0x08039e10    0x8e0  draw_operate.o [1]
  .text               ro code  0x0803a6f0    0x3d4  draw_set.o [1]
  .text               ro code  0x0803aac4   0x1158  draw_language.o [1]
  .text               ro code  0x0803bc1c    0x2e8  draw_about.o [1]
  .text               ro code  0x0803bf04    0x41c  draw_wifi.o [1]
  .text               ro code  0x0803c320    0x584  draw_tool.o [1]
  .text               ro code  0x0803c8a4    0xf20  draw_keyboard.o [1]
  .text               ro code  0x0803d7c4    0x56c  draw_detection.o [1]
  .text               ro code  0x0803dd30    0x2e8  draw_service.o [1]
  .text               ro code  0x0803e018    0x4a0  draw_info.o [1]
  .text               ro code  0x0803e4b8    0x3a8  draw_preview.o [1]
  .text               ro code  0x0803e860    0x5c4  draw_clean.o [1]
  .text               ro code  0x0803ee24     0x14  GUI_SetFont.o [5]
  .text               ro code  0x0803ee38     0x2c  BUTTON_Default.o [5]
  .text               ro code  0x0803ee64    0x11c  TEXT.o [5]
  .text               ro code  0x0803ef80      0x8  GUI_SetColor.o [5]
  .text               ro code  0x0803ef88    0x260  WIDGET.o [5]
  .text               ro code  0x0803f1e8     0xdc  pic_manager.o [1]
  .text               ro code  0x0803f2c4    0x3e2  BUTTON.o [5]
  .text               ro code  0x0803f6a6     0x1e  BUTTON_Bitmap.o [5]
  .text               ro code  0x0803f6c4    0xe00  WM.o [5]
  .text               ro code  0x080404c4     0x30  GUI_UC_EncodeNone.o [5]
  .text               ro code  0x080404f4     0x10  GUI_DispStringAt.o [5]
  .text               ro code  0x08040504    0x10c  GUI_UC_EncodeUTF8.o [5]
  .text               ro code  0x08040610     0x2e  TEXT_SetBkColor.o [5]
  .text               ro code  0x08040640    0x3d0  PROGBAR.o [5]
  .text               ro code  0x08040a10     0x1c  TEXT_SetTextColor.o [5]
  .text               ro code  0x08040a2c     0x26  TEXT_SetText.o [5]
  .text               ro code  0x08040a52      0x4  WM_IsWindow.o [5]
  .text               ro code  0x08040a56     0x1e  Marlin_main.o [1]
  .text               ro code  0x08040a74      0x6  printcounter.o [1]
  .text               ro code  0x08040a7c     0xe8  printcounter.o [1]
  .text               ro code  0x08040b64     0x16  Marlin_main.o [1]
  .text               ro code  0x08040b7a      0x4  planner.o [1]
  .text               ro code  0x08040b80     0x14  temperature.o [1]
  .text               ro code  0x08040b94      0xc  temperature.o [1]
  .text               ro code  0x08040ba0     0x16  Marlin_main.o [1]
  .text               ro code  0x08040bb6      0x2  temperature.o [1]
  .text               ro code  0x08040bb8     0x10  temperature.o [1]
  .text               ro code  0x08040bc8     0x2c  Marlin_main.o [1]
  .text               ro code  0x08040bf4     0x16  Marlin_main.o [1]
  .text               ro code  0x08040c0a     0x5e  utility.o [1]
  .text               ro code  0x08040c68      0x4  Marlin_main.o [1]
  .text               ro code  0x08040c6c      0xc  endstops.o [1]
  .text               ro code  0x08040c78     0x30  Marlin_main.o [1]
  .text               ro code  0x08040ca8     0x18  Marlin_main.o [1]
  .text               ro code  0x08040cc0     0x1c  Marlin_main.o [1]
  .text               ro code  0x08040cdc      0xa  Marlin_main.o [1]
  .text               ro code  0x08040ce8     0x4c  planner.o [1]
  .text               ro code  0x08040d34      0x2  temperature.o [1]
  .text               ro code  0x08040d36     0x24  Marlin_main.o [1]
  .text               ro code  0x08040d5a      0x2  Marlin_main.o [1]
  .text               ro code  0x08040d5c      0x2  Marlin_main.o [1]
  .text               ro code  0x08040d60     0x38  gcode.o [1]
  .text               ro code  0x08040d98     0x28  Marlin_main.o [1]
  .text               ro code  0x08040dc0      0xc  iarEdom.o [6]
  .text               ro code  0x08040dcc     0xa4  xatanf.o [4]
  .text               ro code  0x08040e70    0x16c  xfsin.o [4]
  .text               ro code  0x08040fdc      0x2  temperature.o [1]
  .text               ro code  0x08040fe0     0x46  ceilf.o [4]
  .text               ro code  0x08041028     0x68  planner.o [1]
  .text               ro code  0x08041090     0x80  planner.o [1]
  .text               ro code  0x08041110     0x34  planner.o [1]
  .text               ro code  0x08041144     0x14  planner.o [1]
  .text               ro code  0x08041158      0x8  planner.o [1]
  .text               ro code  0x08041160      0x8  planner.o [1]
  .text               ro code  0x08041168     0xa8  planner.o [1]
  .text               ro code  0x08041210      0x8  labs.o [3]
  .text               ro code  0x08041218     0x58  lroundf.o [4]
  .text               ro code  0x08041270      0x4  planner.o [1]
  .text               ro code  0x08041274    0x4f4  stm32f4xx_hal_dma.o [1]
  .text               ro code  0x08041768    0x5d0  stm32f4xx_hal_uart.o [1]
  .text               ro code  0x08041d38    0x2b8  usart.o [1]
  .text               ro code  0x08041ff0      0x8  atoi.o [3]
  .text               ro code  0x08041ff8     0x2a  strncmp.o [3]
  .text               ro code  0x08042024    0x260  draw_FileTransfer_ui.o [1]
  .text               ro code  0x08042284     0x38  GUI_TOUCH_StoreUnstable.o [5]
  .text               ro code  0x080422bc     0x2c  GUI_X_Touch.o [5]
  .text               ro code  0x080422e8     0x62  memcmp_unaligned.o [6]
  .text               ro code  0x0804234c   0x14c0  dlmalloc.o [3]
  .text               ro code  0x0804380c     0x2c  strstr.o [3]
  .text               ro code  0x08043838      0xe  endstops.o [1]
  .text               ro code  0x08043848     0x28  endstops.o [1]
  .text               ro code  0x08043870     0x14  misc.o [1]
  .text               ro code  0x08043884    0x230  gpio.o [1]
  .text               ro code  0x08043ab4     0xc8  dma.o [1]
  .text               ro code  0x08043b7c     0x2c  fatfs.o [1]
  .text               ro code  0x08043ba8     0x94  rtc.o [1]
  .text               ro code  0x08043c3c     0xac  i2c.o [1]
  .text               ro code  0x08043ce8    0x15c  sdio.o [1]
  .text               ro code  0x08043e44     0x30  stm32f4xx_spi.o [1]
  .text               ro code  0x08043e74    0x9d4  mks_test.o [1]
  .text               ro code  0x08044848   0x2e34  multi_language.o [1]
  .text               ro code  0x0804767c    0x478  stm32f4xx_hal_rcc.o [1]
  .text               ro code  0x08047af4    0x128  stm32f4xx_hal_rcc_ex.o [1]
  .text               ro code  0x08047c1c    0x2b2  spi_flash.o [1]
  .text               ro code  0x08047ece     0x2c  mks_cfg.o [1]
  .text               ro code  0x08047efc   0x1106  xprintffull.o [3]
  .text               ro code  0x08049004    0x3e0  draw_bind.o [1]
  .text               ro code  0x080493e4     0x24  id_manage.o [1]
  .text               ro code  0x08049408     0x1c  TEXT_SetTextAlign.o [5]
  .text               ro code  0x08049424     0x1e  BUTTON_SetTextAlign.o [5]
  .text               ro code  0x08049444     0x58  stm32f4xx_hal_tim_ex.o [1]
  .text               ro code  0x0804949c    0x9a2  stm32f4xx_hal_i2c.o [1]
  .text               ro code  0x08049e40    0x168  xstod.o [4]
  .text               ro code  0x08049fa8     0x90  GUI2DLib.o [5]
  .text               ro code  0x0804a038     0x26  stm32f4xx_gpio.o [1]
  .text               ro code  0x0804a060     0xe8  stm32f4xx_fsmc.o [1]
  .text               ro code  0x0804a148    0x502  usbh_core.o [1]
  .text               ro code  0x0804a64c     0x7c  diskio.o [1]
  .text               ro code  0x0804a6c8    0x46c  mycc936.o [1]
  .text               ro code  0x0804ab34     0x32  ABImemset48.o [6]
  .text               ro code  0x0804ab68     0x16  strchr.o [6]
  .text               ro code  0x0804ab7e      0xc  USARTClass.o [1]
  .text               ro code  0x0804ab8a     0x88  xstol.o [3]
  .text               ro code  0x0804ac12     0x18  strrchr.o [3]
  .text               ro code  0x0804ac2a      0xe  strtod.o [4]
  .text               ro code  0x0804ac38      0x8  Marlin_main.o [1]
  .text               ro code  0x0804ac40     0x20  LCD_L0_Generic.o [5]
  .text               ro code  0x0804ac60      0xc  WM_GetDesktopWindow.o [5]
  .text               ro code  0x0804ac6c    0x314  LCD.o [5]
  .text               ro code  0x0804af80     0x28  GUI_Goto.o [5]
  .text               ro code  0x0804afa8      0x4  draw_print_file.o [1]
  .text               ro code  0x0804afac     0xbc  string_deal.o [1]
  .text               ro code  0x0804b068     0xac  pic.o [1]
  .text               ro code  0x0804b114    0x970  draw_pre_heat.o [1]
  .text               ro code  0x0804ba84    0x6ac  draw_fan.o [1]
  .text               ro code  0x0804c130    0x4fc  draw_filamentchange.o [1]
  .text               ro code  0x0804c62c    0x5cc  draw_printing_moremenu.o [1]
  .text               ro code  0x0804cbf8    0x918  draw_change_speed.o [1]
  .text               ro code  0x0804d510    0x9bc  draw_extrusion.o [1]
  .text               ro code  0x0804decc     0x50  GUI_FillRect.o [5]
  .text               ro code  0x0804df1c    0x27a  GUIAlloc.o [5]
  .text               ro code  0x0804e198     0x76  WM_SetTrans.o [5]
  .text               ro code  0x0804e210     0x10  GUI_SetTextMode.o [5]
  .text               ro code  0x0804e220     0x3c  WM_GetClientRect.o [5]
  .text               ro code  0x0804e25c    0x1d2  GUI_DispStringInRect.o [5]
  .text               ro code  0x0804e42e     0x1c  GUI_ALLOC_AllocZero.o [5]
  .text               ro code  0x0804e44a    0x112  WM__UpdateChildPositions.o [5]
  .text               ro code  0x0804e55c     0x1a  GUI__ReduceRect.o [5]
  .text               ro code  0x0804e578     0xa0  WM_SetFocus.o [5]
  .text               ro code  0x0804e618     0x62  WM_BringToTop.o [5]
  .text               ro code  0x0804e67a     0x10  WM_NotifyParent.o [5]
  .text               ro code  0x0804e68a     0x14  WM__IsEnabled.o [5]
  .text               ro code  0x0804e69e      0xa  GUI_GetClientRect.o [5]
  .text               ro code  0x0804e6a8     0x14  WM_SetUserClipRect.o [5]
  .text               ro code  0x0804e6bc     0x20  GUI_DRAW.o [5]
  .text               ro code  0x0804e6dc     0x1e  GUI_MoveRect.o [5]
  .text               ro code  0x0804e6fc     0x40  GUI_OnKey.o [5]
  .text               ro code  0x0804e73c     0x3e  GUI__SetText.o [5]
  .text               ro code  0x0804e77c     0x50  GUI_DRAW_BITMAP.o [5]
  .text               ro code  0x0804e7cc     0x30  BUTTON__SetBitmapObj.o [5]
  .text               ro code  0x0804e7fc     0x68  GUI__IntersectRects.o [5]
  .text               ro code  0x0804e864     0x64  GUI_MergeRect.o [5]
  .text               ro code  0x0804e8c8     0x1c  LCD_SetClipRectEx.o [5]
  .text               ro code  0x0804e8e4     0x40  GUI__IntersectRect.o [5]
  .text               ro code  0x0804e924     0x38  GUI_RectsIntersect.o [5]
  .text               ro code  0x0804e95c     0x3e  WM_BringToBottom.o [5]
  .text               ro code  0x0804e99c     0x3c  GUI_SetDefault.o [5]
  .text               ro code  0x0804e9d8     0x18  GUI_SaveContext.o [5]
  .text               ro code  0x0804e9f0     0x1e  WM_SendToParent.o [5]
  .text               ro code  0x0804ea10     0x44  WM_CriticalHandle.o [5]
  .text               ro code  0x0804ea54    0x100  GUI_DispString.o [5]
  .text               ro code  0x0804eb54     0x1e  GUI_AddDecMin.o [5]
  .text               ro code  0x0804eb72     0x14  GUI_GetStringDistX.o [5]
  .text               ro code  0x0804eb86      0x4  GUI_GetFontSizeY.o [5]
  .text               ro code  0x0804eb8a     0x18  WIDGET_SetEffect.o [5]
  .text               ro code  0x0804eba2     0x12  printcounter.o [1]
  .text               ro code  0x0804ebb4     0x10  printcounter.o [1]
  .text               ro code  0x0804ebc4      0xe  printcounter.o [1]
  .text               ro code  0x0804ebd2      0xe  printcounter.o [1]
  .text               ro code  0x0804ebe0      0x4  printcounter.o [1]
  .text               ro code  0x0804ebe4      0xa  Marlin_main.o [1]
  .text               ro code  0x0804ebee      0x4  strtoul.o [3]
  .text               ro code  0x0804ebf4      0xc  errno.o [3]
  .text               ro code  0x0804ec00     0xec  xfquad.o [4]
  .text               ro code  0x0804ecec     0x3e  roundf.o [4]
  .text               ro code  0x0804ed2c    0x198  xstoul.o [3]
  .text               ro code  0x0804eec4      0x8  abs.o [3]
  .text               ro code  0x0804eecc     0x24  GUI_TOUCH_StoreState.o [5]
  .text               ro code  0x0804eef0    0x170  mks_touch_screen.o [1]
  .text               ro code  0x0804f060      0x6  abort.o [3]
  .text               ro code  0x0804f068     0x2c  xgetmemchunk.o [3]
  .text               ro code  0x0804f094    0x2f0  stm32f4xx_hal_rtc.o [1]
  .text               ro code  0x0804f384     0x20  xmbtowc.o [3]
  .text               ro code  0x0804f3a4     0x58  memchr.o [6]
  .text               ro code  0x0804f3fc      0xa  xmbcurmax.o [3]
  .text               ro code  0x0804f406     0x1a  xwctomb.o [3]
  .text               ro code  0x0804f420     0xee  I64DivMod.o [6]
  .text               ro code  0x0804f50e     0x42  xdnorm.o [4]
  .text               ro code  0x0804f550    0x114  xdscale.o [4]
  .text               ro code  0x0804f664     0x6c  localeconv.o [3]
  .text               ro code  0x0804f6d0      0xe  div.o [3]
  .text               ro code  0x0804f6e0   0x23c8  QR_Encode.o [1]
  .text               ro code  0x08051aa8     0x3c  WM_EnableWindow.o [5]
  .text               ro code  0x08051ae4    0x134  xstopfx.o [3]
  .text               ro code  0x08051c18    0x1b8  xstoflt.o [3]
  .text               ro code  0x08051dd0    0x200  xdtento.o [4]
  .text               ro code  0x08051fd0    0x218  xstoxflt.o [3]
  .text               ro code  0x080521e8     0x3c  LCD_DrawVLine.o [5]
  .text               ro code  0x08052224    0x1d0  usbh_conf.o [1]
  .text               ro code  0x080523f4     0x82  usbh_pipes.o [1]
  .text               ro code  0x08052478    0x4c2  usbh_ctlreq.o [1]
  .text               ro code  0x0805293a      0x4  USARTClass.o [1]
  .text               ro code  0x0805293e     0x28  isxxx.o [3]
  .text               ro code  0x08052966     0x1c  LCDPM565.o [5]
  .text               ro code  0x08052982     0x34  LCDPM565_Index2Color.o [5]
  .text               ro code  0x080529b8    0x61a  LCDDummy.o [5]
  .text               ro code  0x08052fd4     0x3c  LCDColor.o [5]
  .text               ro code  0x08053010      0x4  string_deal.o [1]
  .text               ro code  0x08053014      0xc  memmove.o [6]
  .text               ro code  0x08053020    0x15c  GUICharLine.o [5]
  .text               ro code  0x0805317c     0x4c  GUI_UC.o [5]
  .text               ro code  0x080531c8     0x18  GUI__HandleEOLine.o [5]
  .text               ro code  0x080531e0     0x8c  GUIChar.o [5]
  .text               ro code  0x0805326c     0x54  GUI__memset.o [5]
  .text               ro code  0x080532c0     0xa2  WM_Move.o [5]
  .text               ro code  0x08053362     0xd8  WM_ResizeWindow.o [5]
  .text               ro code  0x0805343a     0x12  WM_GetParent.o [5]
  .text               ro code  0x0805344c      0x4  WM_ForEachDesc.o [5]
  .text               ro code  0x08053450     0x34  WM_OnKey.o [5]
  .text               ro code  0x08053484     0x56  GUI__strcmp.o [5]
  .text               ro code  0x080534da     0x16  GUI__strlen.o [5]
  .text               ro code  0x080534f0     0xf8  GUI_DrawBitmap.o [5]
  .text               ro code  0x080535e8     0x2c  WM__GetPrevSibling.o [5]
  .text               ro code  0x08053614     0x10  GUI_Pen.o [5]
  .text               ro code  0x08053624     0x10  GUI_SetTextAlign.o [5]
  .text               ro code  0x08053634      0x4  GUI_SetDrawMode.o [5]
  .text               ro code  0x08053638     0x10  GUI_SetLineStyle.o [5]
  .text               ro code  0x08053648     0xe0  GUI_AddDecShift.o [5]
  .text               ro code  0x08053728     0x14  GUI__GetFontSizeY.o [5]
  .text               ro code  0x0805373c      0x2  xtls.o [3]
  .text               ro code  0x0805373e     0x50  xfdint.o [4]
  .text               ro code  0x08053790    0x13c  fmodf.o [4]
  .text               ro code  0x080538cc     0x14  tolower.o [3]
  .text               ro code  0x080538e0     0x28  GUI_TOUCH.o [5]
  .text               ro code  0x08053908     0x14  exit.o [7]
  .text               ro code  0x0805391c     0x24  setlocale.o [3]
  .text               ro code  0x08053940     0x60  xencoding_sb.o [3]
  .text               ro code  0x080539a0      0x2  I64DivZer.o [6]
  .text               ro code  0x080539a4     0x20  DblCmpEq.o [4]
  .text               ro code  0x080539c4     0x56  xdunscal.o [4]
  .text               ro code  0x08053a1c    0x88c  stm32f4xx_hal_hcd.o [1]
  .text               ro code  0x080542a8     0xb8  usbh_ioreq.o [1]
  .text               ro code  0x08054360     0x12  USARTClass.o [1]
  .text               ro code  0x08054372     0x16  xlocale_c.o [3]
  .text               ro code  0x08054388     0x14  xlocale_c.o [3]
  .text               ro code  0x0805439c     0x78  ABImemmove_unaligned.o [6]
  .text               ro code  0x08054414     0x32  WM__ForEachDesc.o [5]
  .text               ro code  0x08054446     0x22  WM__SendMessage.o [5]
  .text               ro code  0x08054468     0x18  WM__GetFirstSibling.o [5]
  .text               ro code  0x08054480      0xc  xlocale_c.o [3]
  .text               ro code  0x0805448c     0x4c  GUI_PID.o [5]
  .text               ro code  0x080544d8     0x30  iarttio.o [7]
  .text               ro code  0x08054508    0x6b8  stm32f4xx_ll_usb.o [1]
  .text               ro code  0x08054bc0      0x4  USARTClass.o [1]
  .text               ro code  0x08054bc4      0x8  XShttio.o [3]
  .text               ro code  0x08054bcc      0x6  USARTClass.o [1]
  .rodata             const    0x08054bd4   0x25c8  multi_language.o [1]
  .rodata             const    0x0805719c   0x1290  mks_fontHz14.o [1]
  .text               ro code  0x0805842c    0xf68  stm32f4xx_hal_sd.o [1]
  .text               ro code  0x08059394     0xa8  stm32f4xx_ll_sdmmc.o [1]
  .rodata             const    0x0805943c    0x980  F13_1.o [5]
  .rodata             const    0x08059dbc    0x918  F13_ASCII.o [5]
  .rodata             const    0x0805a6d4    0x714  F6x8.o [5]
  .rodata             const    0x0805ade8    0x62c  mks_hzk16.o [5]
  .text               ro code  0x0805b414    0x5d8  usbh_msc.o [1]
  .text               ro code  0x0805b9ec    0x320  usbh_msc_bot.o [1]
  .text               ro code  0x0805bd0c    0x31a  usbh_msc_scsi.o [1]
  .rodata             const    0x0805c028    0x4d0  QR_Encode.o [1]
  .text               ro code  0x0805c4f8    0x2d0  GUICurs.o [5]
  .text               ro code  0x0805c7c8     0x96  GUI_GetBitmapPixelIndex.o [5]
  .text               ro code  0x0805c860    0x242  GUICharP.o [5]
  .text               ro code  0x0805caa2     0x1c  GUI_GetColor.o [5]
  .text               ro code  0x0805cac0     0x10  LCD_GetColorIndex.o [5]
  .text               ro code  0x0805cad0    0x204  WMTouch.o [5]
  .text               ro code  0x0805ccd4     0x24  WM__IsAncestor.o [5]
  .text               ro code  0x0805ccf8     0x1c  WM__SendMessageIfEnabled.o [5]
  .text               ro code  0x0805cd14     0x98  WM_Screen2Win.o [5]
  .text               ro code  0x0805cdac     0x26  WM_SetCapture.o [5]
  .text               ro code  0x0805cdd4    0x1d4  LCD_DrawBitmap_M565.o [5]
  .text               ro code  0x0805cfa8     0x1a  LCD_GetEx.o [5]
  .text               ro code  0x0805cfc4     0x10  GUI_SetColorIndex.o [5]
  .text               ro code  0x0805cfd4    0x1c6  lz77_init.o [6]
  .text               ro code  0x0805d19c    0x196  GUICharM.o [5]
  .text               ro code  0x0805d334    0x168  WIDGET_Effect_3D.o [5]
  .text               ro code  0x0805d49c     0x4c  GUI_DrawHLine.o [5]
  .text               ro code  0x0805d4e8     0x4c  GUI_DrawVLine.o [5]
  .text               ro code  0x0805d534    0x14c  stm32f4xx_it.o [1]
  .text               ro code  0x0805d680    0x11c  usbh_diskio.o [1]
  .text               ro code  0x0805d79c     0xd4  sd_diskio.o [1]
  .text               ro code  0x0805d870     0xc8  bsp_driver_sd.o [1]
  .rodata             const    0x0805d938     0xc8  Marlin_main.o [1]
  .text               ro code  0x0805da00     0xb4  WIDGET_Effect_Simple.o [5]
  .text               ro code  0x0805dab4     0x8c  GUIEncJS.o [5]
  .rodata             const    0x0805db40     0x78  Marlin_main.o [1]
  .rodata             const    0x0805dbb8     0x78  Marlin_main.o [1]
  .text               ro code  0x0805dc30     0x50  system_stm32f4xx.o [1]
  .rodata             const    0x0805dc80     0x34  Marlin_main.o [1]
  .rodata             const    0x0805dcb4     0x30  LCD_API.o [5]
  .rodata             const    0x0805dce4     0x2c  Marlin_main.o [1]
  .rodata             const    0x0805dd10     0x28  Marlin_main.o [1]
  .text               ro code  0x0805dd38     0x28  data_init.o [6]
  .rodata             const    0x0805dd60     0x24  Marlin_main.o [1]
  .rodata             const    0x0805dd84     0x24  Marlin_main.o [1]
  .rodata             const    0x0805dda8     0x24  USARTClass.o [1]
  .text               ro code  0x0805ddcc     0x24  WIDGET_Effect_None.o [5]
  .iar.init_table     const    0x0805ddf0     0x30  - Linker created -
  .rodata             const    0x0805de20     0x20  Marlin_main.o [1]
  .rodata             const    0x0805de40     0x20  Marlin_main.o [1]
  .rodata             const    0x0805de60     0x20  Marlin_main.o [1]
  .rodata             const    0x0805de80     0x20  Marlin_main.o [1]
  .rodata             const    0x0805dea0     0x20  Marlin_main.o [1]
  .text               ro code  0x0805dec0     0x20  cmain_call_ctors.o [6]
  .text               ro code  0x0805dee0     0x18  cppinit.o [3]
  .text               ro code  0x0805def8     0x1a  fpinit_M.o [4]
  .text               ro code  0x0805df14     0x1a  cmain.o [6]
  .text               ro code  0x0805df2e      0x4  low_level_init.o [3]
  .text               ro code  0x0805df32      0x4  exit.o [3]
  .text               ro code  0x0805df38      0xa  cexit.o [6]
  .rodata             const    0x0805df44     0x18  Marlin_main.o [1]
  .rodata             const    0x0805df5c     0x18  Marlin_main.o [1]
  .rodata             const    0x0805df74     0x18  mks_cfg.o [1]
  .rodata             const    0x0805df8c     0x14  Marlin_main.o [1]
  .rodata             const    0x0805dfa0     0x14  Marlin_main.o [1]
  .rodata             const    0x0805dfb4     0x14  Marlin_main.o [1]
  .rodata             const    0x0805dfc8     0x14  Marlin_main.o [1]
  .rodata             const    0x0805dfdc     0x14  Marlin_main.o [1]
  .rodata             const    0x0805dff0     0x14  Marlin_main.o [1]
  .rodata             const    0x0805e004     0x14  Marlin_main.o [1]
  .rodata             const    0x0805e018     0x14  printcounter.o [1]
  .rodata             const    0x0805e02c     0x14  sd_diskio.o [1]
  .rodata             const    0x0805e040     0x14  usbh_diskio.o [1]
  .rodata             const    0x0805e054     0x10  Marlin_main.o [1]
  .rodata             const    0x0805e064     0x10  Marlin_main.o [1]
  .rodata             const    0x0805e074     0x10  Marlin_main.o [1]
  .rodata             const    0x0805e084     0x10  Marlin_main.o [1]
  .rodata             const    0x0805e094     0x10  Marlin_main.o [1]
  .rodata             const    0x0805e0a4     0x10  Marlin_main.o [1]
  .rodata             const    0x0805e0b4     0x10  Marlin_main.o [1]
  .rodata             const    0x0805e0c4     0x10  Marlin_main.o [1]
  .rodata             const    0x0805e0d4     0x10  Marlin_main.o [1]
  .rodata             const    0x0805e0e4     0x10  Marlin_main.o [1]
  .rodata             const    0x0805e0f4     0x10  Marlin_main.o [1]
  .rodata             const    0x0805e104     0x10  Marlin_main.o [1]
  .rodata             const    0x0805e114     0x10  Marlin_main.o [1]
  .rodata             const    0x0805e124     0x10  Marlin_main.o [1]
  .rodata             const    0x0805e134     0x10  Marlin_main.o [1]
  .rodata             const    0x0805e144     0x10  Marlin_main.o [1]
  .rodata             const    0x0805e154     0x10  Marlin_main.o [1]
  .rodata             const    0x0805e164     0x10  Marlin_main.o [1]
  .rodata             const    0x0805e174     0x10  Marlin_main.o [1]
  .rodata             const    0x0805e184     0x10  Marlin_main.o [1]
  .rodata             const    0x0805e194     0x10  Marlin_main.o [1]
  .rodata             const    0x0805e1a4     0x10  Marlin_main.o [1]
  .rodata             const    0x0805e1b4     0x10  Marlin_main.o [1]
  .rodata             const    0x0805e1c4     0x10  Marlin_main.o [1]
  .rodata             const    0x0805e1d4     0x10  Marlin_main.o [1]
  .rodata             const    0x0805e1e4     0x10  printcounter.o [1]
  .rodata             const    0x0805e1f4     0x10  serial.o [1]
  .text               ro code  0x0805e204     0x10  startup_stm32f407xx.o [1]
  SHT$$PREINIT_ARRAY           0x0805e214      0x0  <Block>
  SHT$$INIT_ARRAY              0x0805e214     0x10  <Block>
    .init_array       const    0x0805e214      0x4  endstops.o [1]
    .init_array       const    0x0805e218      0x4  Marlin_main.o [1]
    .init_array       const    0x0805e21c      0x4  planner.o [1]
    .init_array       const    0x0805e220      0x4  serial.o [1]
  .rodata             const    0x0805e224      0xc  Marlin_main.o [1]
  .rodata             const    0x0805e230      0xc  Marlin_main.o [1]
  .rodata             const    0x0805e23c      0xc  Marlin_main.o [1]
  .rodata             const    0x0805e248      0xc  Marlin_main.o [1]
  .rodata             const    0x0805e254      0xc  Marlin_main.o [1]
  .rodata             const    0x0805e260      0xc  Marlin_main.o [1]
  .rodata             const    0x0805e26c      0xc  Marlin_main.o [1]
  .rodata             const    0x0805e278      0xc  Marlin_main.o [1]
  .rodata             const    0x0805e284      0xc  Marlin_main.o [1]
  .rodata             const    0x0805e290      0xc  Marlin_main.o [1]
  .rodata             const    0x0805e29c      0xc  Marlin_main.o [1]
  .rodata             const    0x0805e2a8      0xc  printcounter.o [1]
  .rodata             const    0x0805e2b4      0xc  GUIEncJS.o [5]
  .text               ro code  0x0805e2c0      0xc  cstartup_M.o [6]
  .rodata             const    0x0805e2cc      0x8  Marlin_main.o [1]
  .rodata             const    0x0805e2d4      0x8  Marlin_main.o [1]
  .rodata             const    0x0805e2dc      0x8  Marlin_main.o [1]
  .rodata             const    0x0805e2e4      0x8  Marlin_main.o [1]
  .rodata             const    0x0805e2ec      0x8  Marlin_main.o [1]
  .rodata             const    0x0805e2f4      0x8  Marlin_main.o [1]
  .rodata             const    0x0805e2fc      0x8  Marlin_main.o [1]
  .rodata             const    0x0805e304      0x8  Marlin_main.o [1]
  .rodata             const    0x0805e30c      0x8  Marlin_main.o [1]
  .rodata             const    0x0805e314      0x8  Marlin_main.o [1]
  .rodata             const    0x0805e31c      0x8  Marlin_main.o [1]
  .rodata             const    0x0805e324      0x8  Marlin_main.o [1]
  .rodata             const    0x0805e32c      0x8  Marlin_main.o [1]
  .rodata             const    0x0805e334      0x8  Marlin_main.o [1]
  .rodata             const    0x0805e33c      0x8  Marlin_main.o [1]
  .rodata             const    0x0805e344      0x8  Marlin_main.o [1]
  .rodata             const    0x0805e34c      0x8  printcounter.o [1]
  .rodata             const    0x0805e354      0x8  LCD_DrawBitmap_M565.o [5]
  .rodata             const    0x0805e35c      0x4  Marlin_main.o [1]
  .rodata             const    0x0805e360      0x4  Marlin_main.o [1]
  .rodata             const    0x0805e364      0x4  Marlin_main.o [1]
  .rodata             const    0x0805e368      0x4  Marlin_main.o [1]
  .rodata             const    0x0805e36c      0x4  Marlin_main.o [1]
  .rodata             const    0x0805e370      0x4  Marlin_main.o [1]
  .rodata             const    0x0805e374      0x4  Marlin_main.o [1]
  .rodata             const    0x0805e378      0x4  Marlin_main.o [1]
  .rodata             const    0x0805e37c      0x4  Marlin_main.o [1]
  .rodata             const    0x0805e380      0x4  Marlin_main.o [1]
  .rodata             const    0x0805e384      0x4  printcounter.o [1]
  .rodata             const    0x0805e388      0x4  usbh_msc.o [1]
  .text               ro code  0x0805e38c      0x4  startup_stm32f407xx.o [1]
  .text               ro code  0x0805e390      0x4  startup_stm32f407xx.o [1]
  .text               ro code  0x0805e394      0x4  startup_stm32f407xx.o [1]
  .text               ro code  0x0805e398      0x4  startup_stm32f407xx.o [1]
  .text               ro code  0x0805e39c      0x4  startup_stm32f407xx.o [1]
  .text               ro code  0x0805e3a0      0x4  startup_stm32f407xx.o [1]
  .text               ro code  0x0805e3a4      0x4  startup_stm32f407xx.o [1]
  .text               ro code  0x0805e3a8      0x4  startup_stm32f407xx.o [1]
  .text               ro code  0x0805e3ac      0x4  startup_stm32f407xx.o [1]
  .text               ro code  0x0805e3b0      0x4  startup_stm32f407xx.o [1]
  .text               ro code  0x0805e3b4      0x4  startup_stm32f407xx.o [1]
  .text               ro code  0x0805e3b8      0x4  startup_stm32f407xx.o [1]
  .text               ro code  0x0805e3bc      0x4  startup_stm32f407xx.o [1]
  .text               ro code  0x0805e3c0      0x4  startup_stm32f407xx.o [1]
  .text               ro code  0x0805e3c4      0x4  startup_stm32f407xx.o [1]
  .text               ro code  0x0805e3c8      0x4  startup_stm32f407xx.o [1]
  .text               ro code  0x0805e3cc      0x4  startup_stm32f407xx.o [1]
  .text               ro code  0x0805e3d0      0x4  startup_stm32f407xx.o [1]
  .text               ro code  0x0805e3d4      0x4  startup_stm32f407xx.o [1]
  .text               ro code  0x0805e3d8      0x4  startup_stm32f407xx.o [1]
  .text               ro code  0x0805e3dc      0x4  startup_stm32f407xx.o [1]
  .text               ro code  0x0805e3e0      0x4  startup_stm32f407xx.o [1]
  .text               ro code  0x0805e3e4      0x4  startup_stm32f407xx.o [1]
  .text               ro code  0x0805e3e8      0x4  startup_stm32f407xx.o [1]
  .text               ro code  0x0805e3ec      0x4  startup_stm32f407xx.o [1]
  .text               ro code  0x0805e3f0      0x4  startup_stm32f407xx.o [1]
  .text               ro code  0x0805e3f4      0x4  startup_stm32f407xx.o [1]
  .text               ro code  0x0805e3f8      0x4  startup_stm32f407xx.o [1]
  .text               ro code  0x0805e3fc      0x4  startup_stm32f407xx.o [1]
  .text               ro code  0x0805e400      0x4  startup_stm32f407xx.o [1]
  .text               ro code  0x0805e404      0x4  startup_stm32f407xx.o [1]
  .text               ro code  0x0805e408      0x4  startup_stm32f407xx.o [1]
  .text               ro code  0x0805e40c      0x4  startup_stm32f407xx.o [1]
  .text               ro code  0x0805e410      0x4  startup_stm32f407xx.o [1]
  .text               ro code  0x0805e414      0x4  startup_stm32f407xx.o [1]
  .text               ro code  0x0805e418      0x4  startup_stm32f407xx.o [1]
  .text               ro code  0x0805e41c      0x4  startup_stm32f407xx.o [1]
  .text               ro code  0x0805e420      0x4  startup_stm32f407xx.o [1]
  .text               ro code  0x0805e424      0x4  startup_stm32f407xx.o [1]
  .text               ro code  0x0805e428      0x4  startup_stm32f407xx.o [1]
  .text               ro code  0x0805e42c      0x4  startup_stm32f407xx.o [1]
  .text               ro code  0x0805e430      0x4  startup_stm32f407xx.o [1]
  .text               ro code  0x0805e434      0x4  startup_stm32f407xx.o [1]
  .text               ro code  0x0805e438      0x4  startup_stm32f407xx.o [1]
  .text               ro code  0x0805e43c      0x4  startup_stm32f407xx.o [1]
  .text               ro code  0x0805e440      0x4  startup_stm32f407xx.o [1]
  .text               ro code  0x0805e444      0x4  startup_stm32f407xx.o [1]
  .text               ro code  0x0805e448      0x4  startup_stm32f407xx.o [1]
  .text               ro code  0x0805e44c      0x4  startup_stm32f407xx.o [1]
  .text               ro code  0x0805e450      0x4  startup_stm32f407xx.o [1]
  .text               ro code  0x0805e454      0x4  startup_stm32f407xx.o [1]
  .text               ro code  0x0805e458      0x4  startup_stm32f407xx.o [1]
  .text               ro code  0x0805e45c      0x4  startup_stm32f407xx.o [1]
  .text               ro code  0x0805e460      0x4  startup_stm32f407xx.o [1]
  .text               ro code  0x0805e464      0x4  startup_stm32f407xx.o [1]
  .text               ro code  0x0805e468      0x4  startup_stm32f407xx.o [1]
  .text               ro code  0x0805e46c      0x4  startup_stm32f407xx.o [1]
  .text               ro code  0x0805e470      0x4  startup_stm32f407xx.o [1]
  .rodata             const    0x0805e474      0x0  zero_init3.o [6]
  .rodata             const    0x0805e474      0x0  lz77_init.o [6]
  Initializer bytes   ro data  0x0805e474    0x1e5  <for P2 s0>
                             - 0x0805e659  0x4e4d1

"P2", part 1 of 3:                          0x12c4
  P2 s0                        0x20000000   0x12c2  <Init block>
    .data             inited   0x20000000    0x4f0  mks_cfg.o [1]
    .data             inited   0x200004f0    0x390  draw_print_file.o [1]
    .data             inited   0x20000880    0x23c  draw_ui.o [1]
    .data             inited   0x20000abc    0x20c  Marlin_main.o [1]
    .data             inited   0x20000cc8    0x114  QR_Encode.o [1]
    __DLIB_PERTHREAD  inited   0x20000ddc     0x88  localeconv.o [3]
    .data             inited   0x20000e64     0x80  planner.o [1]
    __DLIB_PERTHREAD  inited   0x20000ee4     0x74  setlocale.o [3]
    .data             inited   0x20000f58     0x5c  temperature.o [1]
    .data             inited   0x20000fb4     0x50  draw_more.o [1]
    .data             inited   0x20001004     0x50  stepper.o [1]
    .data             inited   0x20001054     0x48  draw_keyboard.o [1]
    .data             inited   0x2000109c     0x34  draw_language.o [1]
    .data             inited   0x200010d0     0x34  Marlin_main.o [1]
    .data             inited   0x20001104     0x28  Marlin_main.o [1]
    .data             inited   0x2000112c     0x28  mks_variant.o [1]
    .data             inited   0x20001154     0x28  GUI_TOUCH_DriverAnalog.o [5]
    .data             inited   0x2000117c     0x20  usbh_msc.o [1]
    .data             inited   0x2000119c     0x20  BUTTON.o [5]
    .data             inited   0x200011bc     0x14  mks_variant.o [1]
    .data             inited   0x200011d0     0x14  pic.o [1]
    .data             inited   0x200011e4     0x14  pic.o [1]
    .data             inited   0x200011f8     0x14  pic.o [1]
    .data             inited   0x2000120c     0x14  pic.o [1]
    .data             inited   0x20001220     0x14  pic.o [1]
    .data             inited   0x20001234     0x14  pic.o [1]
    .data             inited   0x20001248     0x14  pic.o [1]
    .data             inited   0x2000125c     0x10  draw_ui.o [1]
    .data             inited   0x2000126c     0x10  Marlin_main.o [1]
    .data             inited   0x2000127c      0xc  planner.o [1]
    .data             inited   0x20001288      0x8  QR_Encode.o [1]
    .data             inited   0x20001290      0x8  QR_Encode.o [1]
    .data             inited   0x20001298      0x8  TEXT.o [5]
    .data             inited   0x200012a0      0x8  GUI_TOUCH_DriverAnalog.o [5]
    .data             inited   0x200012a8      0x8  XShttio.o [3]
    .data             inited   0x200012b0      0x4  system_stm32f4xx.o [1]
    .data             inited   0x200012b4      0x4  WIDGET.o [5]
    .data             inited   0x200012b8      0x4  LCD_API.o [5]
    __DLIB_PERTHREAD  inited   0x200012bc      0x4  errno.o [3]
    .data             inited   0x200012c0      0x1  sd_diskio.o [1]
    .data             inited   0x200012c1      0x1  stepper.o [1]
                             - 0x200012c2   0x12c2

"P2", part 2 of 3:                         0x12964
  .bss                zero     0x200012c4   0x822c  pic.o [1]
  .bss                zero     0x200094f0   0x2000  pic.o [1]
  .bss                zero     0x2000b4f0   0x1c8c  GUIAlloc.o [5]
  .bss                zero     0x2000d17c   0x1410  Marlin_main.o [1]
  .bss                zero     0x2000e58c    0x660  wifi_module.o [1]
  .bss                zero     0x2000ebec    0x540  planner.o [1]
  .bss                zero     0x2000f12c    0x4b4  multi_language.o [1]
  .bss                zero     0x2000f5e0    0x408  wifi_module.o [1]
  .bss                zero     0x2000f9e8    0x402  wifi_module.o [1]
  .bss                zero     0x2000fdea      0x2  endstops.o [1]
  .bss                zero     0x2000fdec    0x3c8  usb_host.o [1]
  .bss                zero     0x200101b4    0x324  QR_Encode.o [1]
  .bss                zero     0x200104d8    0x320  id_manage.o [1]
  .bss                zero     0x200107f8    0x298  usbh_conf.o [1]
  .bss                zero     0x20010a90    0x280  mks_cfg.o [1]
  .bss                zero     0x20010d10    0x240  mks_cfg.o [1]
  .bss                zero     0x20010f50    0x200  LCDColor.o [5]
  .bss                zero     0x20011150    0x1d8  dlmalloc.o [3]
  .bss                zero     0x20011328    0x1bc  QR_Encode.o [1]
  .bss                zero     0x200114e4    0x190  QR_Encode.o [1]
  .bss                zero     0x20011674    0x190  QR_Encode.o [1]
  .bss                zero     0x20011804    0x180  spi.o [1]
  .bss                zero     0x20011984    0x140  wifi_module.o [1]
  .bss                zero     0x20011ac4    0x130  serial.o [1]
  .bss                zero     0x20011bf4    0x120  usart.o [1]
  .bss                zero     0x20011d14    0x104  wifi_module.o [1]
  .bss                zero     0x20011e18    0x100  cardreader.o [1]
  .bss                zero     0x20011f18    0x100  cardreader.o [1]
  .bss                zero     0x20012018    0x100  wifi_module.o [1]
  .bss                zero     0x20012118     0xc0  sdio.o [1]
  .bss                zero     0x200121d8     0xac  draw_operate.o [1]
  .bss                zero     0x20012284     0xa8  draw_language.o [1]
  .bss                zero     0x2001232c     0xa8  draw_language.o [1]
  .bss                zero     0x200123d4     0x9c  QR_Encode.o [1]
  .bss                zero     0x20012470     0x90  draw_detection.o [1]
  .bss                zero     0x20012500     0x90  draw_print_file.o [1]
  .bss                zero     0x20012590     0x74  draw_operate.o [1]
  .bss                zero     0x20012604     0x6c  wifi_module.o [1]
  .bss                zero     0x20012670     0x6c  wifi_module.o [1]
  .bss                zero     0x200126dc     0x68  draw_ui.o [1]
  .bss                zero     0x20012744     0x64  draw_printing.o [1]
  .bss                zero     0x200127a8     0x64  wifi_module.o [1]
  .bss                zero     0x2001280c     0x60  draw_operate.o [1]
  .bss                zero     0x2001286c     0x60  Marlin_main.o [1]
  .bss                zero     0x200128cc     0x60  Marlin_main.o [1]
  .bss                zero     0x2001292c     0x60  sdio.o [1]
  .bss                zero     0x2001298c     0x60  usart.o [1]
  .bss                zero     0x200129f0     0x58  sdio.o [1]
  .bss                zero     0x20012a48     0x58  spi.o [1]
  .bss                zero     0x20012aa0     0x58  spi.o [1]
  .bss                zero     0x20012af8     0x58  wifi_module.o [1]
  .bss                zero     0x20012b50     0x54  draw_extrusion.o [1]
  .bss                zero     0x20012ba4     0x54  i2c.o [1]
  .bss                zero     0x20012bf8     0x48  GUICore.o [5]
  .bss                zero     0x20012c40     0x41  usart.o [1]
  .bss                zero     0x20012c81      0x3  endstops.o [1]
  .bss                zero     0x20012c84     0x40  usart.o [1]
  .bss                zero     0x20012cc4     0x3c  draw_clean.o [1]
  .bss                zero     0x20012d00     0x3c  draw_info.o [1]
  .bss                zero     0x20012d3c     0x3c  Marlin_main.o [1]
  .bss                zero     0x20012d78     0x3c  planner.o [1]
  .bss                zero     0x20012db4     0x3c  tim.o [1]
  .bss                zero     0x20012df0     0x3c  tim.o [1]
  .bss                zero     0x20012e2c     0x3c  tim.o [1]
  .bss                zero     0x20012e68     0x3c  tim.o [1]
  .bss                zero     0x20012ea4     0x3c  WM.o [5]
  .bss                zero     0x20012ee0     0x38  draw_bind.o [1]
  .bss                zero     0x20012f18     0x38  draw_change_speed.o [1]
  .bss                zero     0x20012f50     0x38  draw_dialog.o [1]
  .bss                zero     0x20012f88     0x38  draw_fan.o [1]
  .bss                zero     0x20012fc0     0x38  draw_filamentchange.o [1]
  .bss                zero     0x20012ff8     0x38  draw_pre_heat.o [1]
  .bss                zero     0x20013030     0x34  draw_detection.o [1]
  .bss                zero     0x20013064     0x34  draw_ExposureTest.o [1]
  .bss                zero     0x20013098     0x34  draw_move_motor.o [1]
  .bss                zero     0x200130cc     0x34  draw_preview.o [1]
  .bss                zero     0x20013100     0x34  draw_printing.o [1]
  .bss                zero     0x20013134     0x34  draw_printing.o [1]
  .bss                zero     0x20013168     0x34  draw_printing_moremenu.o [1]
  .bss                zero     0x2001319c     0x34  draw_ready_print.o [1]
  .bss                zero     0x200131d0     0x34  draw_set.o [1]
  .bss                zero     0x20013204     0x34  draw_tool.o [1]
  .bss                zero     0x20013238     0x34  draw_wifi.o [1]
  .bss                zero     0x2001326c     0x34  mks_cfg.o [1]
  .bss                zero     0x200132a0     0x30  draw_change_speed.o [1]
  .bss                zero     0x200132d0     0x30  draw_change_speed.o [1]
  .bss                zero     0x20013300     0x30  draw_clean.o [1]
  .bss                zero     0x20013330     0x30  draw_detection.o [1]
  .bss                zero     0x20013360     0x30  draw_extrusion.o [1]
  .bss                zero     0x20013390     0x30  draw_fan.o [1]
  .bss                zero     0x200133c0     0x30  draw_fan.o [1]
  .bss                zero     0x200133f0     0x30  draw_filamentchange.o [1]
  .bss                zero     0x20013420     0x30  draw_keyboard.o [1]
  .bss                zero     0x20013450     0x30  draw_keyboard.o [1]
  .bss                zero     0x20013480     0x30  draw_keyboard.o [1]
  .bss                zero     0x200134b0     0x30  draw_keyboard.o [1]
  .bss                zero     0x200134e0     0x30  draw_keyboard.o [1]
  .bss                zero     0x20013510     0x30  draw_keyboard.o [1]
  .bss                zero     0x20013540     0x30  draw_keyboard.o [1]
  .bss                zero     0x20013570     0x30  draw_language.o [1]
  .bss                zero     0x200135a0     0x30  draw_language.o [1]
  .bss                zero     0x200135d0     0x30  draw_language.o [1]
  .bss                zero     0x20013600     0x30  draw_move_motor.o [1]
  .bss                zero     0x20013630     0x30  draw_move_motor.o [1]
  .bss                zero     0x20013660     0x30  draw_move_motor.o [1]
  .bss                zero     0x20013690     0x30  draw_operate.o [1]
  .bss                zero     0x200136c0     0x30  draw_pre_heat.o [1]
  .bss                zero     0x200136f0     0x30  draw_pre_heat.o [1]
  .bss                zero     0x20013720     0x30  draw_printing_moremenu.o [1]
  .bss                zero     0x20013750     0x30  draw_printing_moremenu.o [1]
  .bss                zero     0x20013780     0x30  draw_printing_moremenu.o [1]
  .bss                zero     0x200137b0     0x30  draw_set.o [1]
  .bss                zero     0x200137e0     0x30  draw_tool.o [1]
  .bss                zero     0x20013810     0x30  draw_tool.o [1]
  .bss                zero     0x20013840     0x30  gcode.o [1]
  .bss                zero     0x20013870     0x30  GUICurs.o [5]
  .bss                zero     0x200138a0     0x2c  draw_ui.o [1]
  .bss                zero     0x200138cc     0x28  main.o [1]
  .bss                zero     0x200138f4     0x24  draw_service.o [1]
  .bss                zero     0x20013918     0x24  Marlin_main.o [1]
  .bss                zero     0x2001393c     0x20  draw_about.o [1]
  .bss                zero     0x2001395c     0x20  Marlin_main.o [1]
  .bss                zero     0x2001397c     0x20  rtc.o [1]
  .bss                zero     0x2001399c     0x20  GUICharP.o [5]
  .bss                zero     0x200139bc     0x1c  draw_FileTransfer_ui.o [1]
  .bss                zero     0x200139d8     0x1c  mks_cfg.o [1]
  .bss                zero     0x200139f4     0x18  draw_extrusion.o [1]
  .bss                zero     0x20013a0c     0x18  draw_preview.o [1]
  .bss                zero     0x20013a24     0x18  draw_ready_print.o [1]
  .bss                zero     0x20013a3c     0x18  ff.o [1]
  .bss                zero     0x20013a54     0x18  QR_Encode.o [1]
  .bss                zero     0x20013a6c     0x18  GUIAlloc.o [5]
  .bss                zero     0x20013a84     0x18  dlmalloc.o [3]
  .bss                zero     0x20013a9c     0x14  draw_ui.o [1]
  .bss                zero     0x20013ab0     0x14  Marlin_main.o [1]
  .bss                zero     0x20013ac4     0x10  ff_gen_drv.o [1]
  .bss                zero     0x20013ad4      0xc  fatfs.o [1]
  .bss                zero     0x20013ae0      0xc  ff.o [1]
  .bss                zero     0x20013aec      0xc  Marlin_main.o [1]
  .bss                zero     0x20013af8      0xc  Marlin_main.o [1]
  .bss                zero     0x20013b04      0xc  WM.o [5]
  .bss                zero     0x20013b10      0xc  GUI_OnKey.o [5]
  .bss                zero     0x20013b1c      0xc  GUI_X_Touch.o [5]
  .bss                zero     0x20013b28      0xc  GUI_PID.o [5]
  .bss                zero     0x20013b34      0xc  GUI_TOUCH_StoreState.o [5]
  .bss                zero     0x20013b40      0xc  GUI_TOUCH.o [5]
  .bss                zero     0x20013b4c      0x8  mks_touch_screen.o [1]
  .bss                zero     0x20013b54      0x8  planner.o [1]
  .bss                zero     0x20013b5c      0x8  ssd2828.o [1]
  .bss                zero     0x20013b64      0x8  temperature.o [1]
  .bss                zero     0x20013b6c      0x8  temperature.o [1]
  .bss                zero     0x20013b74      0x8  WMTouch.o [5]
  .bss                zero     0x20013b7c      0x8  WMTouch.o [5]
  .bss                zero     0x20013b84      0x8  GUI_TOUCH_StoreUnstable.o [5]
  .bss                zero     0x20013b8c      0x4  cardreader.o [1]
  .bss                zero     0x20013b90      0x4  draw_ui.o [1]
  .bss                zero     0x20013b94      0x4  endstops.o [1]
  .bss                zero     0x20013b98      0x4  gcode.o [1]
  .bss                zero     0x20013b9c      0x4  gcode.o [1]
  .bss                zero     0x20013ba0      0x4  main.o [1]
  .bss                zero     0x20013ba4      0x4  main.o [1]
  .bss                zero     0x20013ba8      0x4  main.o [1]
  .bss                zero     0x20013bac      0x4  main.o [1]
  .bss                zero     0x20013bb0      0x4  main.o [1]
  .bss                zero     0x20013bb4      0x4  Marlin_main.o [1]
  .bss                zero     0x20013bb8      0x4  Marlin_main.o [1]
  .bss                zero     0x20013bbc      0x4  Marlin_main.o [1]
  .bss                zero     0x20013bc0      0x4  Marlin_main.o [1]
  .bss                zero     0x20013bc4      0x4  Marlin_main.o [1]
  .bss                zero     0x20013bc8      0x4  mks_cfg.o [1]
  .bss                zero     0x20013bcc      0x4  mks_test.o [1]
  .bss                zero     0x20013bd0      0x4  pic_manager.o [1]
  .bss                zero     0x20013bd4      0x4  planner.o [1]
  .bss                zero     0x20013bd8      0x4  stm32f4xx_hal.o [1]
  .bss                zero     0x20013bdc      0x4  temperature.o [1]
  .bss                zero     0x20013be0      0x4  tim.o [1]
  .bss                zero     0x20013be4      0x4  GUICore.o [5]
  .bss                zero     0x20013be8      0x4  GUICore.o [5]
  .bss                zero     0x20013bec      0x4  GUICore.o [5]
  .bss                zero     0x20013bf0      0x4  GUICore.o [5]
  .bss                zero     0x20013bf4      0x4  GUICore.o [5]
  .bss                zero     0x20013bf8      0x4  GUICore.o [5]
  .bss                zero     0x20013bfc      0x4  WM.o [5]
  .bss                zero     0x20013c00      0x4  GUI_OnKey.o [5]
  .bss                zero     0x20013c04      0x4  xgetmemchunk.o [3]
  .bss                zero     0x20013c08      0x2  ili9320.o [1]
  .bss                zero     0x20013c0a      0x2  Marlin_main.o [1]
  .bss                zero     0x20013c0c      0x1  configuration_store.o [1]
  .bss                zero     0x20013c0d      0x1  draw_dialog.o [1]
  .bss                zero     0x20013c0e      0x1  draw_more.o [1]
  .bss                zero     0x20013c0f      0x1  draw_ui.o [1]
  .bss                zero     0x20013c10      0x1  draw_ui.o [1]
  .bss                zero     0x20013c11      0x1  draw_ui.o [1]
  .bss                zero     0x20013c12      0x1  draw_ui.o [1]
  .bss                zero     0x20013c13      0x1  gcode.o [1]
  .bss                zero     0x20013c14      0x1  main.o [1]
  .bss                zero     0x20013c15      0x1  main.o [1]
  .bss                zero     0x20013c16      0x1  main.o [1]
  .bss                zero     0x20013c17      0x1  Marlin_main.o [1]
  .bss                zero     0x20013c18      0x1  Marlin_main.o [1]
  .bss                zero     0x20013c19      0x1  Marlin_main.o [1]
  .bss                zero     0x20013c1a      0x1  mks_test.o [1]
  .bss                zero     0x20013c1b      0x1  spi_flash.o [1]
[...]
mksUsart1Rx             0x20012c80     0x1  Data  Gb  usart.o [1]
mksW25Q64Test           0x08043ed1   0x114  Code  Gb  mks_test.o [1]
mksWifiIrqHandlerUser()
                        0x0802efe9    0x2c  Code  Gb  wifi_module.o [1]
mks_G28(char *)         0x08022351    0x30  Code  Gb  Marlin_main.o [1]
mks_PrintStatePolling   0x08022181   0x158  Code  Gb  Marlin_main.o [1]
mks_clearDir            0x08022389    0x2a  Code  Gb  Marlin_main.o [1]
mks_contiuePrint_UI     0x080223e1    0xfc  Code  Gb  Marlin_main.o [1]
mks_heating_busy        0x20000ac9     0x1  Data  Gb  Marlin_main.o [1]
mks_initPrint           0x08022095    0x40  Code  Gb  Marlin_main.o [1]
mks_pausePrint          0x08022119    0x5a  Code  Gb  Marlin_main.o [1]
mks_rePrintCheck        0x08022549    0xb6  Code  Gb  Marlin_main.o [1]
mks_resumePrint         0x080220dd    0x36  Code  Gb  Marlin_main.o [1]
mks_saveFileName        0x08022605    0x30  Code  Gb  Marlin_main.o [1]
mks_setPositionZ        0x080222e1    0x5e  Code  Gb  Marlin_main.o [1]
mksdlp                  0x2000db40   0x2f4  Data  Gb  Marlin_main.o [1]
mkstft_ui_init          0x08021e1d   0x1fe  Code  Gb  Marlin_main.o [1]
mkstft_ui_load          0x08021b11   0x17a  Code  Gb  Marlin_main.o [1]
mkstft_ui_set_epr()     0x08021c99   0x162  Code  Gb  Marlin_main.o [1]
more_menu               0x2000f5d4     0xc  Data  Gb  multi_language.o [1]
morefunc1               0x2001316c    0x18  Data  Lc  draw_printing_moremenu.o [1]
morefunc2               0x20013184    0x18  Data  Lc  draw_printing_moremenu.o [1]
morefunc3               0x20013720    0x18  Data  Lc  draw_printing_moremenu.o [1]
morefunc4               0x20013738    0x18  Data  Lc  draw_printing_moremenu.o [1]
morefunc5               0x20013750    0x18  Data  Lc  draw_printing_moremenu.o [1]
morefunc6               0x20013768    0x18  Data  Lc  draw_printing_moremenu.o [1]
morefunc7               0x20013780    0x18  Data  Lc  draw_printing_moremenu.o [1]
mount_file_sys(unsigned char)
                        0x0802d2e1    0x26  Code  Gb  wifi_module.o [1]
move_menu               0x2000f42c    0x34  Data  Gb  multi_language.o [1]
move_speed_flg          0x20012f19     0x1  Data  Gb  draw_change_speed.o [1]
move_window             0x08035c5b    0x3a  Code  Lc  ff.o [1]
mparams                 0x20013a84    0x18  Data  Lc  dlmalloc.o [3]
nIndicatorLen8Bit       0x08050144     0x4  Data  Gb  QR_Encode.o [1]
nIndicatorLenAlphabet   0x08050140     0x4  Data  Gb  QR_Encode.o [1]
nIndicatorLenKanji      0x08050148     0x4  Data  Gb  QR_Encode.o [1]
nIndicatorLenNumeral    0x0805013c     0x4  Data  Gb  QR_Encode.o [1]
ndigs                   0x0804ee9c    0x28  Data  Lc  xstoul.o [3]
net_msg_handle(unsigned char *, unsigned short)
                        0x0802e427   0x1ba  Code  Lc  wifi_module.o [1]
ok_to_send()            0x08020fdd    0x26  Code  Gb  Marlin_main.o [1]
once_flag               0x20013130     0x4  Data  Gb  draw_printing.o [1]
operation_menu          0x2000f210    0x44  Data  Gb  multi_language.o [1]
package_to_wifi(WIFI_RET_TYPE, char *, int)
                        0x0802d4d3   0x28e  Code  Gb  wifi_module.o [1]
page_nub                0x2000109c     0x1  Data  Lc  draw_language.o [1]
para_value              0x200125dc    0x10  Data  Gb  draw_operate.o [1]
parser                  0x20013b9c     0x4  Data  Gb  gcode.o [1]
pause_menu              0x2000f51c    0x1c  Data  Gb  multi_language.o [1]
pause_resum             0x20013134     0x1  Data  Gb  draw_printing.o [1]
pick_lfn                0x0803638f    0x5c  Code  Lc  ff.o [1]
pin_is_protected(signed char)
                        0x08020935    0x1e  Code  Lc  Marlin_main.o [1]
plan_arc(float const (&)[4], float const (&)[2], bool)
                        0x080211d5   0x310  Code  Gb  Marlin_main.o [1]
planner                 0x20013b58     0x4  Data  Gb  planner.o [1]
point_flg               0x20001055     0x1  Data  Lc  draw_keyboard.o [1]
position_shift          0x20000b3c     0xc  Data  Gb  Marlin_main.o [1]
poweroff_det_cnt        0x200138d8     0x4  Data  Gb  main.o [1]
poweroff_det_flg        0x200138cc     0x1  Data  Gb  main.o [1]
poweroff_det_high_cnt   0x200138e0     0x4  Data  Gb  main.o [1]
poweroff_det_high_flg   0x200138ce     0x1  Data  Gb  main.o [1]
poweroff_det_low_cnt    0x200138dc     0x4  Data  Gb  main.o [1]
poweroff_det_low_flg    0x200138cd     0x1  Data  Gb  main.o [1]
pows                    0x08051f88    0x48  Data  Lc  xdtento.o [4]
preheat_menu            0x2000f30c    0x38  Data  Gb  multi_language.o [1]
prepare_move_to_destination()
                        0x08021125    0x76  Code  Gb  Marlin_main.o [1]
prepare_move_to_destination_cartesian()
                        0x0802af7d    0x44  Code  Gb  Marlin_main.o [1]
prepend_alloc           0x080423cd   0x33c  Code  Lc  dlmalloc.o [3]
preview_gcode_prehandle
                        0x08029053    0xb0  Code  Gb  draw_ui.o [1]
preview_no_display      0x20013c17     0x1  Data  Gb  Marlin_main.o [1]
preview_pic1            0x2001395c    0x10  Data  Gb  Marlin_main.o [1]
preview_pic2            0x2001396c    0x10  Data  Gb  Marlin_main.o [1]
previous_cmd_ms         0x20013aec     0x4  Data  Gb  Marlin_main.o [1]
printStopDlgText        0x20012f54     0x2  Data  Lc  draw_dialog.o [1]
printTimeLeft           0x2001312c     0x2  Data  Lc  draw_printing.o [1]
print_file_dialog_menu  0x2000f400    0x2c  Data  Gb  multi_language.o [1]
print_job_timer         0x2000df7c    0x10  Data  Gb  Marlin_main.o [1]
print_para              0x20012d3c    0x3c  Data  Gb  Marlin_main.o [1]
print_time              0x20013100     0x8  Data  Gb  draw_printing.o [1]
print_time_run          0x080299cf    0x44  Code  Gb  draw_printing.o [1]
printingBar             0x2001310c     0x2  Data  Lc  draw_printing.o [1]
printing_menu           0x2000f4b8    0x24  Data  Gb  multi_language.o [1]
printing_more_menu      0x2000f570    0x1c  Data  Gb  multi_language.o [1]
printing_rate_update_flag
                        0x20013ab0     0x1  Data  Gb  Marlin_main.o [1]
process_next_command()  0x08020f75    0x3c  Code  Gb  Marlin_main.o [1]
process_parsed_command()
                        0x08020b11   0x464  Code  Gb  Marlin_main.o [1]
put_fat                 0x08035e65   0x102  Code  Gb  ff.o [1]
quickstop_stepper()     0x08020a89    0x16  Code  Gb  Marlin_main.o [1]
raw_send_to_wifi(char *, int)
                        0x0802d483    0x3a  Code  Gb  wifi_module.o [1]
reTransmission_all_cnt  0x20001274     0x4  Data  Gb  Marlin_main.o [1]
reTransmission_data_cnt
                        0x20001270     0x4  Data  Gb  Marlin_main.o [1]
reTransmission_zero_cnt
                        0x2000126c     0x4  Data  Gb  Marlin_main.o [1]
readUsartFifo(SZ_USART_FIFO *, signed char *, int)
                        0x0802ef71    0x32  Code  Gb  wifi_module.o [1]
readWifiFifo(unsigned char *, unsigned int)
                        0x0802eaf5    0x4c  Code  Gb  wifi_module.o [1]
refresh_cmd_timeout()   0x080281c1    0x10  Code  Gb  Marlin_main.o [1]
relative_mode           0x20000ad0     0x1  Data  Lc  Marlin_main.o [1]
remain_time             0x20013110     0x2  Data  Lc  draw_printing.o [1]
remove_chain            0x08035f67    0x72  Code  Lc  ff.o [1]
report_current_position()
                        0x080209cd    0x76  Code  Gb  Marlin_main.o [1]
report_mksdlp_position()
                        0x0802097d    0x48  Code  Gb  Marlin_main.o [1]
reset_file_info         0x080292eb    0x1a  Code  Gb  draw_printing.o [1]
reset_print_time        0x080298df     0xe  Code  Gb  draw_printing.o [1]
retSD                   0x20013ad4     0x1  Data  Gb  fatfs.o [1]
retUSBH                 0x20013ad5     0x1  Data  Gb  fatfs.o [1]
roundf                  0x0804eced    0x3e  Code  Gb  roundf.o [4]
row                     0x2000088c     0x4  Data  Gb  draw_ui.o [1]
rx_buffer1              0x20011b2c    0x68  Data  Gb  serial.o [1]
rx_buffer6              0x20011ac4    0x68  Data  Gb  serial.o [1]
safe_delay(unsigned long)
                        0x08040c0b    0x24  Code  Gb  utility.o [1]
saveFilePath            0x200127d8    0x34  Data  Gb  wifi_module.o [1]
save_File               0x2000e9c0   0x22c  Data  Gb  wifi_module.o [1]
saved_feedrate_mm_s     0x20000b38     0x4  Data  Lc  Marlin_main.o [1]
saved_feedrate_percentage
                        0x20000ade     0x2  Data  Gb  Marlin_main.o [1]
scale                   0x08048999    0x46  Code  Lc  xprintffull.o [3]
search_files            0x08039061   0x1a4  Code  Gb  draw_print_file.o [1]
segment_holding         0x0804234d    0x1a  Code  Lc  dlmalloc.o [3]
send_ok                 0x20000ad8     0x4  Data  Lc  Marlin_main.o [1]
send_to_wifi(char *, int)
                        0x0802d761     0x8  Code  Gb  wifi_module.o [1]
serial_count            0x20013bbc     0x4  Data  Lc  Marlin_main.o [1]
serial_echopair_P(char const *, char const *)
                        0x0802742b    0x14  Code  Gb  serial.o [1]
serial_echopair_P(char const *, double)
                        0x080274af    0x2a  Code  Gb  serial.o [1]
serial_echopair_P(char const *, float)
                        0x08027481    0x2e  Code  Gb  serial.o [1]
serial_echopair_P(char const *, int)
                        0x0802743f    0x16  Code  Gb  serial.o [1]
serial_echopair_P(char const *, long)
                        0x0802746b    0x16  Code  Gb  serial.o [1]
serial_echopair_P(char const *, unsigned int)
                        0x08027455    0x16  Code  Gb  serial.o [1]
serial_echopair_P(char const *, unsigned long)
                        0x080274d9    0x16  Code  Gb  serial.o [1]
serial_wait_tick        0x20000ad3     0x1  Data  Gb  Marlin_main.o [1]
serialprintPGM(char const *)
                        0x080273d5    0x1c  Code  Gb  temperature.o [1]
servo_init()            0x08020405     0x2  Code  Gb  Marlin_main.o [1]
setProBarRate           0x08029a13    0xb2  Code  Gb  draw_printing.o [1]
setTouchBound           0x0802f17d    0x10  Code  Gb  GUI_TOUCH_DriverAnalog.o [5]
set_axis_is_at_home(AxisEnum)
                        0x08020521    0x30  Code  Lc  Marlin_main.o [1]
set_cur_file_sys(int)   0x0802d769     0xa  Code  Gb  wifi_module.o [1]
set_current_from_destination()
                        0x0802afc1    0x14  Code  Gb  Marlin_main.o [1]
set_current_from_steppers_for_axis(AxisEnum)
                        0x080210f9    0x2a  Code  Gb  Marlin_main.o [1]
set_destination_from_current()
                        0x08038bd9    0x14  Code  Gb  Marlin_main.o [1]
set_home_offset(AxisEnum, float)
                        0x08020513     0xe  Code  Lc  Marlin_main.o [1]
set_menu                0x2000f374    0x34  Data  Gb  multi_language.o [1]
setup                   0x080216d1    0xcc  Code  Gb  Marlin_main.o [1]
setup_for_endstop_or_probe_move()
                        0x080206b9    0x14  Code  Lc  Marlin_main.o [1]
setup_killpin()         0x08020401     0x2  Code  Gb  Marlin_main.o [1]
sinf                    0x0802b31b     0x6  Code  Gb  sinf.o [4]
soft_endstop_max        0x20001120     0xc  Data  Gb  Marlin_main.o [1]
soft_endstop_min        0x20001114     0xc  Data  Gb  Marlin_main.o [1]
soft_endstop_min_init()
                        0x080202b9    0x24  Code  Gb  Marlin_main.o [1]
soft_endstops_enabled   0x20001104     0x1  Data  Gb  Marlin_main.o [1]
speedType               0x20012f18     0x1  Data  Lc  draw_change_speed.o [1]
speed_menu              0x2000f3a8    0x2c  Data  Gb  multi_language.o [1]
spi1_hdmatx_CR          0x20001278     0x4  Data  Gb  Marlin_main.o [1]
sprintf                 0x08031ead    0x34  Code  Gb  sprintf.o [3]
sqrt                    0x08038ac5          Code  Gb  sqrt.o [4]
sqrtf                   0x0802afd5          Code  Gb  sqrtf.o [4]
sqrtl                   0x08038ac5          Code  Gb  sqrt.o [4]
srcfp                   0x20013b90     0x4  Data  Gb  draw_ui.o [1]
st_clust                0x08036303    0x14  Code  Lc  ff.o [1]
start_print_time        0x080298ed     0x8  Code  Gb  draw_printing.o [1]
stepper_inactive_time   0x20013af4     0x4  Data  Lc  Marlin_main.o [1]
stopEspTransfer()       0x0802eb45    0x6c  Code  Gb  wifi_module.o [1]
stop_print_time         0x080298f5     0x8  Code  Gb  draw_printing.o [1]
storeRcvData(unsigned char *, int)
                        0x0802eaa5    0x4a  Code  Lc  wifi_module.o [1]
strcat                  0x08031ee1    0x1c  Code  Gb  strcat.o [3]
strchr                  0x0804ab69          Code  Gb  strchr.o [6]
strchr(char *, int)     0x08037d1b     0x4  Code  Gb  WString.o [1]
strlen                  0x08037ce5          Code  Gb  strlen.o [6]
strncmp                 0x08041ff9    0x2a  Code  Gb  strncmp.o [3]
strrchr                 0x08053011     0x4  Code  Gb  string_deal.o [1]
strrchr(char *, int)    0x08037f89     0x4  Code  Gb  WString.o [1]
strrchr(char const *, int)
                        0x0804afa9     0x4  Code  Gb  draw_print_file.o [1]
strstr(char *, char const *)
                        0x080305b7     0x4  Code  Gb  WString.o [1]
strstr(char const *, char const *)
                        0x08037cdf     0x4  Code  Gb  cardreader.o [1]
strting2float(unsigned char *, unsigned char)
                        0x08022637    0x40  Code  Gb  Marlin_main.o [1]
strtol                  0x08037f83     0x6  Code  Gb  strtol.o [3]
strtoul                 0x0804ebef     0x4  Code  Gb  strtoul.o [3]
suicide()               0x08020403     0x2  Code  Gb  Marlin_main.o [1]
sum_sfn                 0x080364eb    0x1c  Code  Lc  ff.o [1]
sync_fs                 0x08035c95    0xda  Code  Lc  ff.o [1]
sync_plan_position()    0x0802032b    0x18  Code  Gb  Marlin_main.o [1]
sync_plan_position_e()  0x08038c05     0xc  Code  Gb  Marlin_main.o [1]
sync_window             0x08035bf5    0x66  Code  Lc  ff.o [1]
sys_alloc               0x08042709   0x384  Code  Lc  dlmalloc.o [3]
target_extruder         0x20000ad2     0x1  Data  Gb  Marlin_main.o [1]
temper_error_flg        0x20000ac8     0x1  Data  Gb  Marlin_main.o [1]
temper_error_kill()     0x08021641    0x2c  Code  Gb  Marlin_main.o [1]
temperature_change_frequency
                        0x20000881     0x1  Data  Gb  draw_ui.o [1]
temperature_change_frequency_cnt
                        0x20013ab8     0x4  Data  Lc  Marlin_main.o [1]
testCnt                 0x20013bcc     0x4  Data  Gb  mks_test.o [1]
textDesireTemp          0x20012ffa     0x2  Data  Lc  draw_pre_heat.o [1]
textDesireValue         0x20012ffc     0x2  Data  Lc  draw_pre_heat.o [1]
textExtruAmount         0x20012b54     0x2  Data  Lc  draw_extrusion.o [1]
textExtruTemp           0x20012fc4     0x2  Data  Lc  draw_filamentchange.o [1]
textKeyNumb             0x20001066     0x2  Data  Lc  draw_keyboard.o [1]
textPrintSpeed          0x20012f1c     0x2  Data  Lc  draw_change_speed.o [1]
textPrintTemp           0x20012b52     0x2  Data  Lc  draw_extrusion.o [1]
textSpeedVal            0x20012f1e     0x2  Data  Lc  draw_change_speed.o [1]
text_edit               0x200121d8     0x1  Data  Gb  draw_operate.o [1]
textt                   0x20013b8c     0x4  Data  Gb  cardreader.o [1]
thermalManager          0x20013bdc     0x4  Data  Gb  temperature.o [1]
tick_net_time1          0x200127c8     0x4  Data  Gb  wifi_module.o [1]
tick_net_time2          0x200127cc     0x4  Data  Gb  wifi_module.o [1]
time_1s_flg             0x20012cc6     0x1  Data  Gb  draw_clean.o [1]
time_cnt                0x20012cce     0x2  Data  Gb  draw_clean.o [1]
time_value_cnt          0x0803ecdd    0x9a  Code  Gb  draw_clean.o [1]
tmalloc_large           0x08042a99   0x38a  Code  Lc  dlmalloc.o [3]
tmalloc_small           0x08042e23   0x204  Code  Lc  dlmalloc.o [3]
tolower                 0x080538cd    0x14  Code  Gb  tolower.o [3]
tool_change(unsigned char, float, bool)
                        0x08020a9f    0x36  Code  Gb  Marlin_main.o [1]
tool_menu               0x2000f2d0    0x3c  Data  Gb  multi_language.o [1]
total_write             0x2001266c     0x4  Data  Gb  wifi_module.o [1]
touch_time              0x20013b50     0x4  Data  Lc  mks_touch_screen.o [1]
ugbksize                0x20013bc8     0x4  Data  Gb  mks_cfg.o [1]
unbinding_flag          0x20012ee0     0x1  Data  Lc  draw_bind.o [1]
update_software_endstops(AxisEnum)
                        0x080204d9    0x3a  Code  Gb  Marlin_main.o [1]
upload_result           0x200127b8     0x4  Data  Gb  wifi_module.o [1]
upload_size             0x200127c0     0x4  Data  Gb  wifi_module.o [1]
upload_time             0x200127bc     0x4  Data  Gb  wifi_module.o [1]
usbFileReadTest()       0x08044169     0x2  Code  Lc  mks_test.o [1]
usbStatus               0x20013c1a     0x1  Data  Gb  mks_test.o [1]
used_time               0x2001310e     0x2  Data  Lc  draw_printing.o [1]
uwTick                  0x20013bd8     0x4  Data  Gb  stm32f4xx_hal.o [1]
validate                0x0803703d    0x36  Code  Lc  ff.o [1]
value_test              0x20000880     0x1  Data  Gb  draw_ui.o [1]
vbist_test_cnt          0x20013b5c     0x4  Data  Gb  ssd2828.o [1]
version                 0x0802fdb4     0x4  Data  Lc  configuration_store.o [1]
wait_for_heatup         0x20000ad1     0x1  Data  Gb  Marlin_main.o [1]
waiting_wifi_time       0x20013ab4     0x1  Data  Gb  Marlin_main.o [1]
wifiDmaRcvFifo          0x20012af8    0x58  Data  Gb  wifi_module.o [1]
wifiPara                0x20012670    0x6c  Data  Gb  wifi_module.o [1]
wifiTransError          0x200127ac     0xc  Data  Gb  wifi_module.o [1]
wifi_check_time         0x20013c1e     0x1  Data  Gb  wifi_module.o [1]
wifi_delay(int)         0x0802d321    0x1e  Code  Gb  wifi_module.o [1]
wifi_firm_ver           0x20011a0c    0x14  Data  Gb  wifi_module.o [1]
wifi_gcode_exec(unsigned char *)
                        0x0802d9b9   0x8d2  Code  Lc  wifi_module.o [1]
wifi_init_flg           0x20013ab1     0x1  Data  Gb  Marlin_main.o [1]
wifi_link_state         0x200127a8     0x1  Data  Gb  wifi_module.o [1]
wifi_looping()          0x0802ed69    0x22  Code  Gb  wifi_module.o [1]
wifi_menu               0x2000f460    0x2c  Data  Gb  multi_language.o [1]
wifi_rcv_handle()       0x0802ebc1   0x1a2  Code  Gb  wifi_module.o [1]
wifi_read_count         0x20013bc0     0x4  Data  Lc  Marlin_main.o [1]
wifi_refresh_flg        0x20013ab2     0x1  Data  Gb  Marlin_main.o [1]
wifi_reset()            0x0802d33f    0x3c  Code  Gb  wifi_module.o [1]
wifi_ret_ack()          0x0802d4bd    0x16  Code  Gb  wifi_module.o [1]
workspace_offset        0x20001108     0xc  Data  Gb  Marlin_main.o [1]
writeUsartFifo(SZ_USART_FIFO *, signed char *, int)
                        0x0802efa3    0x46  Code  Gb  wifi_module.o [1]
write_to_file(char *, int)
                        0x0802d7b9    0x62  Code  Gb  wifi_module.o [1]
x                       0x20013c0e     0x1  Data  Gb  draw_more.o [1]
xMax                    0x20001170     0x4  Data  Lc  GUI_TOUCH_DriverAnalog.o [5]
xMin                    0x2000116c     0x4  Data  Lc  GUI_TOUCH_DriverAnalog.o [5]
xPhys                   0x20001164     0x4  Data  Lc  GUI_TOUCH_DriverAnalog.o [5]
x_touch                 0x20013b4c     0x2  Data  Lc  mks_touch_screen.o [1]
xyMinMax                0x20001154    0x10  Data  Lc  GUI_TOUCH_DriverAnalog.o [5]
yMax                    0x20001178     0x4  Data  Lc  GUI_TOUCH_DriverAnalog.o [5]
yMin                    0x20001174     0x4  Data  Lc  GUI_TOUCH_DriverAnalog.o [5]
yPhys                   0x20001168     0x4  Data  Lc  GUI_TOUCH_DriverAnalog.o [5]
y_touch                 0x20013b4e     0x2  Data  Lc  mks_touch_screen.o [1]
z_high_count            0x20013ab6     0x2  Data  Gb  Marlin_main.o [1]
zoffset_menu            0x2000f58c    0x1c  Data  Gb  multi_language.o [1]


[1] = D:\DLP_proj\DLP_github\MKS-DLP-FIRMWARE\EWARM\mksDLP\Obj
[2] = command line
[3] = dl7M_tlf.a
[4] = m7M_tlv.a
[5] = mksDLP.a
[6] = rt7M_tl.a
[7] = shb_l.a

  229 056 bytes of readonly  code memory
   92 057 bytes of readonly  data memory
   93 215 bytes of readwrite data memory

Errors: none
Warnings: none
