###############################################################################
#
# IAR ANSI C/C++ Compiler V7.10.1.6676/W32 for ARM        16/Apr/2020  18:39:31
# Copyright 1999-2014 IAR Systems AB.
#
#    Cpu mode     =  thumb
#    Endian       =  little
#    Source file  =  
#        D:\DLP_proj\DLP_github\MKS-DLP-FIRMWARE\Src\stm32f4xx_it.cpp
#    Command line =  
#        D:\DLP_proj\DLP_github\MKS-DLP-FIRMWARE\Src\stm32f4xx_it.cpp -D
#        USE_HAL_DRIVER -D STM32F407xx -D STM32F40_41xxx -D USE_HAL_LIB -D
#        MKS_DLP_BOARD -D TFT35 -D USE_STM32F407VET -lC
#        D:\DLP_proj\DLP_github\MKS-DLP-FIRMWARE\EWARM\mksDLP/List\ -lA
#        D:\DLP_proj\DLP_github\MKS-DLP-FIRMWARE\EWARM\mksDLP/List\
#        --diag_suppress Pa050 -o
#        D:\DLP_proj\DLP_github\MKS-DLP-FIRMWARE\EWARM\mksDLP/Obj\ --no_unroll
#        --no_inline --no_tbaa --no_scheduling --debug --endian=little
#        --cpu=Cortex-M4F -e --char_is_signed --fpu=VFPv4_sp --dlib_config
#        "D:\Program Files (x86)\IAR Systems\Embedded Workbench
#        7.0\arm\INC\c\DLib_Config_Full.h" -I
#        D:\DLP_proj\DLP_github\MKS-DLP-FIRMWARE\EWARM/../Inc\ -I
#        D:\DLP_proj\DLP_github\MKS-DLP-FIRMWARE\EWARM/../Src\ -I
#        D:\DLP_proj\DLP_github\MKS-DLP-FIRMWARE\EWARM/../Drivers/STM32F4xx_HAL_Driver/Inc\
#        -I
#        D:\DLP_proj\DLP_github\MKS-DLP-FIRMWARE\EWARM/../Drivers/STM32F4xx_HAL_Driver/Inc/Legacy\
#        -I
#        D:\DLP_proj\DLP_github\MKS-DLP-FIRMWARE\EWARM/../Middlewares/Third_Party/FatFs/src/drivers\
#        -I
#        D:\DLP_proj\DLP_github\MKS-DLP-FIRMWARE\EWARM/../Middlewares/ST/STM32_USB_Host_Library/Core/Inc\
#        -I
#        D:\DLP_proj\DLP_github\MKS-DLP-FIRMWARE\EWARM/../Middlewares/ST/STM32_USB_Host_Library/Class/MSC/Inc\
#        -I
#        D:\DLP_proj\DLP_github\MKS-DLP-FIRMWARE\EWARM/../Drivers/CMSIS/Device/ST/STM32F4xx/Include\
#        -I
#        D:\DLP_proj\DLP_github\MKS-DLP-FIRMWARE\EWARM/../Middlewares/Third_Party/FatFs/src\
#        -I
#        D:\DLP_proj\DLP_github\MKS-DLP-FIRMWARE\EWARM/../Middlewares/Third_Party/Marlin\
#        -I
#        D:\DLP_proj\DLP_github\MKS-DLP-FIRMWARE\EWARM/../Drivers/CMSIS/Include\
#        -I
#        D:\DLP_proj\DLP_github\MKS-DLP-FIRMWARE\EWARM/../Drivers/BSP/variant\
#        -I
#        D:\DLP_proj\DLP_github\MKS-DLP-FIRMWARE\EWARM/../Drivers/BSP/Components/at24cxx\
#        -I
#        D:\DLP_proj\DLP_github\MKS-DLP-FIRMWARE\EWARM/../Drivers/BSP/Components/w25qxx\
#        -I
#        D:\DLP_proj\DLP_github\MKS-DLP-FIRMWARE\EWARM/../Drivers/BSP/Components/ssd2828\
#        -I
#        D:\DLP_proj\DLP_github\MKS-DLP-FIRMWARE\EWARM/../Drivers/BSP/Components/lcd\
#        -I D:\DLP_proj\DLP_github\MKS-DLP-FIRMWARE\EWARM/../Drivers/libstmf4\
#        -I
#        D:\DLP_proj\DLP_github\MKS-DLP-FIRMWARE\EWARM/../Drivers/libstmf4/include\
#        -I
#        D:\DLP_proj\DLP_github\MKS-DLP-FIRMWARE\EWARM/../Middlewares/arduino/stm32/cores/arduino\
#        -I D:\DLP_proj\DLP_github\MKS-DLP-FIRMWARE\EWARM/../User/ui\ -I
#        D:\DLP_proj\DLP_github\MKS-DLP-FIRMWARE\EWARM/../User/ui/Multi_language\
#        -I D:\DLP_proj\DLP_github\MKS-DLP-FIRMWARE\EWARM/../User/ui/QRENCODE\
#        -I D:\DLP_proj\DLP_github\MKS-DLP-FIRMWARE\EWARM/../Middlewares/GUI\
#        -Om --eec++ -I "D:\Program Files (x86)\IAR Systems\Embedded Workbench
#        7.0\arm\CMSIS\Include\"
#    List file    =  
#        D:\DLP_proj\DLP_github\MKS-DLP-FIRMWARE\EWARM\mksDLP/List\stm32f4xx_it.lst
#    Object file  =  
#        D:\DLP_proj\DLP_github\MKS-DLP-FIRMWARE\EWARM\mksDLP/Obj\stm32f4xx_it.o
#
###############################################################################

D:\DLP_proj\DLP_github\MKS-DLP-FIRMWARE\Src\stm32f4xx_it.cpp
      1          /**
      2            ******************************************************************************
      3            * @file    stm32f4xx_it.c
      4            * @brief   Interrupt Service Routines.
      5            ******************************************************************************
      6            *
      7            * COPYRIGHT(c) 2016 STMicroelectronics
      8            *
      9            * Redistribution and use in source and binary forms, with or without modification,
     10            * are permitted provided that the following conditions are met:
     11            *   1. Redistributions of source code must retain the above copyright notice,
     12            *      this list of conditions and the following disclaimer.
     13            *   2. Redistributions in binary form must reproduce the above copyright notice,
     14            *      this list of conditions and the following disclaimer in the documentation
     15            *      and/or other materials provided with the distribution.
     16            *   3. Neither the name of STMicroelectronics nor the names of its contributors
     17            *      may be used to endorse or promote products derived from this software
     18            *      without specific prior written permission.
     19            *
     20            * THIS SOFTWARE IS PROVIDED BY THE COPYRIGHT HOLDERS AND CONTRIBUTORS "AS IS"
     21            * AND ANY EXPRESS OR IMPLIED WARRANTIES, INCLUDING, BUT NOT LIMITED TO, THE
     22            * IMPLIED WARRANTIES OF MERCHANTABILITY AND FITNESS FOR A PARTICULAR PURPOSE ARE
     23            * DISCLAIMED. IN NO EVENT SHALL THE COPYRIGHT HOLDER OR CONTRIBUTORS BE LIABLE
     24            * FOR ANY DIRECT, INDIRECT, INCIDENTAL, SPECIAL, EXEMPLARY, OR CONSEQUENTIAL
     25            * DAMAGES (INCLUDING, BUT NOT LIMITED TO, PROCUREMENT OF SUBSTITUTE GOODS OR
     26            * SERVICES; LOSS OF USE, DATA, OR PROFITS; OR BUSINESS INTERRUPTION) HOWEVER
     27            * CAUSED AND ON ANY THEORY OF LIABILITY, WHETHER IN CONTRACT, STRICT LIABILITY,
     28            * OR TORT (INCLUDING NEGLIGENCE OR OTHERWISE) ARISING IN ANY WAY OUT OF THE USE
     29            * OF THIS SOFTWARE, EVEN IF ADVISED OF THE POSSIBILITY OF SUCH DAMAGE.
     30            *
     31            ******************************************************************************
     32            */
     33          /* Includes ------------------------------------------------------------------*/
     34          #include "stm32f4xx_hal.h"
     35          #include "stm32f4xx.h"
     36          #include "stm32f4xx_it.h"
     37          
     38          /* USER CODE BEGIN 0 */
     39          #include "tim.h"
     40          #include "main.h"
     41          #include "mks_fastio.h"
     42          
     43          
     44          #include "serial.h"   

  #define UNUSED(x) (void) (x)
          ^
"D:\DLP_proj\DLP_github\MKS-DLP-FIRMWARE\Middlewares\Third_Party\Marlin\macros.h",101  Warning[Pe047]: 
          incompatible redefinition of macro "UNUSED" (declared at line 87 of
          "D:\DLP_proj\DLP_github\MKS-DLP-FIRMWARE\Drivers\STM32F4xx_HAL_Driver
          \Inc\stm32f4xx_hal_def.h")

    #define MIN_SOFTWARE_ENDSTOPS mksCfg.min_software_endstops	/*--mks cfg--*/
            ^
"D:\DLP_proj\DLP_github\MKS-DLP-FIRMWARE\Middlewares\Third_Party\Marlin\Configuration.h",824  Warning[Pe047]: 
          incompatible redefinition of macro "MIN_SOFTWARE_ENDSTOPS" (declared
          at line 819)

    #define MAX_SOFTWARE_ENDSTOPS mksCfg.max_software_endstops	/*--mks cfg--*/
            ^
"D:\DLP_proj\DLP_github\MKS-DLP-FIRMWARE\Middlewares\Third_Party\Marlin\Configuration.h",834  Warning[Pe047]: 
          incompatible redefinition of macro "MAX_SOFTWARE_ENDSTOPS" (declared
          at line 829)

  		volatile volatile float desireBedTempBak;
  		         ^
"D:\DLP_proj\DLP_github\MKS-DLP-FIRMWARE\Inc\mks_cfg.h",407  Warning[Pe083]: 
          type qualifier specified more than once

  #define strcpy_P(dest, src) strcpy((dest), (src))
          ^
"D:\DLP_proj\DLP_github\MKS-DLP-FIRMWARE\Middlewares\arduino\stm32\cores\arduino\avr\pgmspace.h",23  Warning[Pe047]: 
          incompatible redefinition of macro "strcpy_P" (declared at line 93
          of
          "D:\DLP_proj\DLP_github\MKS-DLP-FIRMWARE\Middlewares\Third_Party\Marl
          in\Marlin_export.h")

  #define strstr_P(a, b) strstr((a), (b))
          ^
"D:\DLP_proj\DLP_github\MKS-DLP-FIRMWARE\Middlewares\arduino\stm32\cores\arduino\avr\pgmspace.h",26  Warning[Pe047]: 
          incompatible redefinition of macro "strstr_P" (declared at line 94
          of
          "D:\DLP_proj\DLP_github\MKS-DLP-FIRMWARE\Middlewares\Third_Party\Marl
          in\Marlin_export.h")

  #define sprintf_P(s, f, ...) sprintf((s), (f), __VA_ARGS__)
          ^
"D:\DLP_proj\DLP_github\MKS-DLP-FIRMWARE\Middlewares\arduino\stm32\cores\arduino\avr\pgmspace.h",28  Warning[Pe047]: 
          incompatible redefinition of macro "sprintf_P" (declared at line 95
          of
          "D:\DLP_proj\DLP_github\MKS-DLP-FIRMWARE\Middlewares\Third_Party\Marl
          in\Marlin_export.h")

  #define pgm_read_word_near(addr) pgm_read_word(addr)
          ^
"D:\DLP_proj\DLP_github\MKS-DLP-FIRMWARE\Middlewares\arduino\stm32\cores\arduino\avr\pgmspace.h",38  Warning[Pe047]: 
          incompatible redefinition of macro "pgm_read_word_near" (declared at
          line 65 of
          "D:\DLP_proj\DLP_github\MKS-DLP-FIRMWARE\Middlewares\Third_Party\Marl
          in\Marlin_export.h")

  #define IS_IWDG_PRESCALER(PRESCALER) (((PRESCALER) == IWDG_Prescaler_4)  || \
          ^
"D:\DLP_proj\DLP_github\MKS-DLP-FIRMWARE\Drivers\libstmf4\include\stm32f4xx_iwdg.h",80  Warning[Pe047]: 
          incompatible redefinition of macro "IS_IWDG_PRESCALER" (declared at
          line 209 of
          "D:\DLP_proj\DLP_github\MKS-DLP-FIRMWARE\Drivers\STM32F4xx_HAL_Driver
          \Inc\stm32f4xx_hal_iwdg.h")

  #define IS_IWDG_RELOAD(RELOAD) ((RELOAD) <= 0xFFF)
          ^
"D:\DLP_proj\DLP_github\MKS-DLP-FIRMWARE\Drivers\libstmf4\include\stm32f4xx_iwdg.h",97  Warning[Pe047]: 
          incompatible redefinition of macro "IS_IWDG_RELOAD" (declared at
          line 222 of
          "D:\DLP_proj\DLP_github\MKS-DLP-FIRMWARE\Drivers\STM32F4xx_HAL_Driver
          \Inc\stm32f4xx_hal_iwdg.h")

  #define IS_FSMC_NORSRAM_BANK(BANK) (((BANK) == FSMC_Bank1_NORSRAM1) || \
          ^
"D:\DLP_proj\DLP_github\MKS-DLP-FIRMWARE\Drivers\libstmf4\include\stm32f4xx_fsmc.h",272  Warning[Pe047]: 
          incompatible redefinition of macro "IS_FSMC_NORSRAM_BANK" (declared
          at line 834 of
          "D:\DLP_proj\DLP_github\MKS-DLP-FIRMWARE\Drivers\STM32F4xx_HAL_Driver
          \Inc\stm32f4xx_ll_fsmc.h")

  #define IS_FSMC_NAND_BANK(BANK) (((BANK) == FSMC_Bank2_NAND) || \
          ^
"D:\DLP_proj\DLP_github\MKS-DLP-FIRMWARE\Drivers\libstmf4\include\stm32f4xx_fsmc.h",277  Warning[Pe047]: 
          incompatible redefinition of macro "IS_FSMC_NAND_BANK" (declared at
          line 855 of
          "D:\DLP_proj\DLP_github\MKS-DLP-FIRMWARE\Drivers\STM32F4xx_HAL_Driver
          \Inc\stm32f4xx_ll_fsmc.h")

  #define IS_FSMC_MUX(MUX) (((MUX) == FSMC_DataAddressMux_Disable) || \
          ^
"D:\DLP_proj\DLP_github\MKS-DLP-FIRMWARE\Drivers\libstmf4\include\stm32f4xx_fsmc.h",298  Warning[Pe047]: 
          incompatible redefinition of macro "IS_FSMC_MUX" (declared at line
          839 of
          "D:\DLP_proj\DLP_github\MKS-DLP-FIRMWARE\Drivers\STM32F4xx_HAL_Driver
          \Inc\stm32f4xx_ll_fsmc.h")

  #define IS_FSMC_MEMORY(MEMORY) (((MEMORY) == FSMC_MemoryType_SRAM) || \
          ^
"D:\DLP_proj\DLP_github\MKS-DLP-FIRMWARE\Drivers\libstmf4\include\stm32f4xx_fsmc.h",311  Warning[Pe047]: 
          incompatible redefinition of macro "IS_FSMC_MEMORY" (declared at
          line 842 of
          "D:\DLP_proj\DLP_github\MKS-DLP-FIRMWARE\Drivers\STM32F4xx_HAL_Driver
          \Inc\stm32f4xx_ll_fsmc.h")

  #define IS_FSMC_BURSTMODE(STATE) (((STATE) == FSMC_BurstAccessMode_Disable) || \
          ^
"D:\DLP_proj\DLP_github\MKS-DLP-FIRMWARE\Drivers\libstmf4\include\stm32f4xx_fsmc.h",336  Warning[Pe047]: 
          incompatible redefinition of macro "IS_FSMC_BURSTMODE" (declared at
          line 894 of
          "D:\DLP_proj\DLP_github\MKS-DLP-FIRMWARE\Drivers\STM32F4xx_HAL_Driver
          \Inc\stm32f4xx_ll_fsmc.h")

  #define IS_FSMC_ASYNWAIT(STATE) (((STATE) == FSMC_AsynchronousWait_Disable) || \
          ^
"D:\DLP_proj\DLP_github\MKS-DLP-FIRMWARE\Drivers\libstmf4\include\stm32f4xx_fsmc.h",347  Warning[Pe047]: 
          incompatible redefinition of macro "IS_FSMC_ASYNWAIT" (declared at
          line 915 of
          "D:\DLP_proj\DLP_github\MKS-DLP-FIRMWARE\Drivers\STM32F4xx_HAL_Driver
          \Inc\stm32f4xx_ll_fsmc.h")

  #define IS_FSMC_WAIT_POLARITY(POLARITY) (((POLARITY) == FSMC_WaitSignalPolarity_Low) || \
          ^
"D:\DLP_proj\DLP_github\MKS-DLP-FIRMWARE\Drivers\libstmf4\include\stm32f4xx_fsmc.h",358  Warning[Pe047]: 
          incompatible redefinition of macro "IS_FSMC_WAIT_POLARITY" (declared
          at line 897 of
          "D:\DLP_proj\DLP_github\MKS-DLP-FIRMWARE\Drivers\STM32F4xx_HAL_Driver
          \Inc\stm32f4xx_ll_fsmc.h")

  #define IS_FSMC_WRAP_MODE(MODE) (((MODE) == FSMC_WrapMode_Disable) || \
          ^
"D:\DLP_proj\DLP_github\MKS-DLP-FIRMWARE\Drivers\libstmf4\include\stm32f4xx_fsmc.h",369  Warning[Pe047]: 
          incompatible redefinition of macro "IS_FSMC_WRAP_MODE" (declared at
          line 900 of
          "D:\DLP_proj\DLP_github\MKS-DLP-FIRMWARE\Drivers\STM32F4xx_HAL_Driver
          \Inc\stm32f4xx_ll_fsmc.h")

  #define IS_FSMC_WAIT_SIGNAL_ACTIVE(ACTIVE) (((ACTIVE) == FSMC_WaitSignalActive_BeforeWaitState) || \
          ^
"D:\DLP_proj\DLP_github\MKS-DLP-FIRMWARE\Drivers\libstmf4\include\stm32f4xx_fsmc.h",380  Warning[Pe047]: 
          incompatible redefinition of macro "IS_FSMC_WAIT_SIGNAL_ACTIVE"
          (declared at line 903 of
          "D:\DLP_proj\DLP_github\MKS-DLP-FIRMWARE\Drivers\STM32F4xx_HAL_Driver
          \Inc\stm32f4xx_ll_fsmc.h")

  #define IS_FSMC_WRITE_OPERATION(OPERATION) (((OPERATION) == FSMC_WriteOperation_Disable) || \
          ^
"D:\DLP_proj\DLP_github\MKS-DLP-FIRMWARE\Drivers\libstmf4\include\stm32f4xx_fsmc.h",391  Warning[Pe047]: 
          incompatible redefinition of macro "IS_FSMC_WRITE_OPERATION"
          (declared at line 906 of
          "D:\DLP_proj\DLP_github\MKS-DLP-FIRMWARE\Drivers\STM32F4xx_HAL_Driver
          \Inc\stm32f4xx_ll_fsmc.h")

  #define IS_FSMC_WAITE_SIGNAL(SIGNAL) (((SIGNAL) == FSMC_WaitSignal_Disable) || \
          ^
"D:\DLP_proj\DLP_github\MKS-DLP-FIRMWARE\Drivers\libstmf4\include\stm32f4xx_fsmc.h",402  Warning[Pe047]: 
          incompatible redefinition of macro "IS_FSMC_WAITE_SIGNAL" (declared
          at line 909 of
          "D:\DLP_proj\DLP_github\MKS-DLP-FIRMWARE\Drivers\STM32F4xx_HAL_Driver
          \Inc\stm32f4xx_ll_fsmc.h")

  #define IS_FSMC_EXTENDED_MODE(MODE) (((MODE) == FSMC_ExtendedMode_Disable) || \
          ^
"D:\DLP_proj\DLP_github\MKS-DLP-FIRMWARE\Drivers\libstmf4\include\stm32f4xx_fsmc.h",414  Warning[Pe047]: 
          incompatible redefinition of macro "IS_FSMC_EXTENDED_MODE" (declared
          at line 912 of
          "D:\DLP_proj\DLP_github\MKS-DLP-FIRMWARE\Drivers\STM32F4xx_HAL_Driver
          \Inc\stm32f4xx_ll_fsmc.h")

  #define IS_FSMC_WRITE_BURST(BURST) (((BURST) == FSMC_WriteBurst_Disable) || \
          ^
"D:\DLP_proj\DLP_github\MKS-DLP-FIRMWARE\Drivers\libstmf4\include\stm32f4xx_fsmc.h",426  Warning[Pe047]: 
          incompatible redefinition of macro "IS_FSMC_WRITE_BURST" (declared
          at line 920 of
          "D:\DLP_proj\DLP_github\MKS-DLP-FIRMWARE\Drivers\STM32F4xx_HAL_Driver
          \Inc\stm32f4xx_ll_fsmc.h")

  #define IS_FSMC_ADDRESS_SETUP_TIME(TIME) ((TIME) <= 0xF)
          ^
"D:\DLP_proj\DLP_github\MKS-DLP-FIRMWARE\Drivers\libstmf4\include\stm32f4xx_fsmc.h",435  Warning[Pe047]: 
          incompatible redefinition of macro "IS_FSMC_ADDRESS_SETUP_TIME"
          (declared at line 923 of
          "D:\DLP_proj\DLP_github\MKS-DLP-FIRMWARE\Drivers\STM32F4xx_HAL_Driver
          \Inc\stm32f4xx_ll_fsmc.h")

  #define IS_FSMC_ADDRESS_HOLD_TIME(TIME) ((TIME) <= 0xF)
          ^
"D:\DLP_proj\DLP_github\MKS-DLP-FIRMWARE\Drivers\libstmf4\include\stm32f4xx_fsmc.h",443  Warning[Pe047]: 
          incompatible redefinition of macro "IS_FSMC_ADDRESS_HOLD_TIME"
          (declared at line 925 of
          "D:\DLP_proj\DLP_github\MKS-DLP-FIRMWARE\Drivers\STM32F4xx_HAL_Driver
          \Inc\stm32f4xx_ll_fsmc.h")

  #define IS_FSMC_DATASETUP_TIME(TIME) (((TIME) > 0) && ((TIME) <= 0xFF))
          ^
"D:\DLP_proj\DLP_github\MKS-DLP-FIRMWARE\Drivers\libstmf4\include\stm32f4xx_fsmc.h",451  Warning[Pe047]: 
          incompatible redefinition of macro "IS_FSMC_DATASETUP_TIME"
          (declared at line 927 of
          "D:\DLP_proj\DLP_github\MKS-DLP-FIRMWARE\Drivers\STM32F4xx_HAL_Driver
          \Inc\stm32f4xx_ll_fsmc.h")

  #define IS_FSMC_TURNAROUND_TIME(TIME) ((TIME) <= 0xF)
          ^
"D:\DLP_proj\DLP_github\MKS-DLP-FIRMWARE\Drivers\libstmf4\include\stm32f4xx_fsmc.h",459  Warning[Pe047]: 
          incompatible redefinition of macro "IS_FSMC_TURNAROUND_TIME"
          (declared at line 929 of
          "D:\DLP_proj\DLP_github\MKS-DLP-FIRMWARE\Drivers\STM32F4xx_HAL_Driver
          \Inc\stm32f4xx_ll_fsmc.h")

  #define IS_FSMC_CLK_DIV(DIV) ((DIV) <= 0xF)
          ^
"D:\DLP_proj\DLP_github\MKS-DLP-FIRMWARE\Drivers\libstmf4\include\stm32f4xx_fsmc.h",467  Warning[Pe047]: 
          incompatible redefinition of macro "IS_FSMC_CLK_DIV" (declared at
          line 934 of
          "D:\DLP_proj\DLP_github\MKS-DLP-FIRMWARE\Drivers\STM32F4xx_HAL_Driver
          \Inc\stm32f4xx_ll_fsmc.h")

  #define IS_FSMC_DATA_LATENCY(LATENCY) ((LATENCY) <= 0xF)
          ^
"D:\DLP_proj\DLP_github\MKS-DLP-FIRMWARE\Drivers\libstmf4\include\stm32f4xx_fsmc.h",475  Warning[Pe047]: 
          incompatible redefinition of macro "IS_FSMC_DATA_LATENCY" (declared
          at line 918 of
          "D:\DLP_proj\DLP_github\MKS-DLP-FIRMWARE\Drivers\STM32F4xx_HAL_Driver
          \Inc\stm32f4xx_ll_fsmc.h")

  #define IS_FSMC_ACCESS_MODE(MODE) (((MODE) == FSMC_AccessMode_A) || \
          ^
"D:\DLP_proj\DLP_github\MKS-DLP-FIRMWARE\Drivers\libstmf4\include\stm32f4xx_fsmc.h",487  Warning[Pe047]: 
          incompatible redefinition of macro "IS_FSMC_ACCESS_MODE" (declared
          at line 850 of
          "D:\DLP_proj\DLP_github\MKS-DLP-FIRMWARE\Drivers\STM32F4xx_HAL_Driver
          \Inc\stm32f4xx_ll_fsmc.h")

  #define IS_FSMC_WAIT_FEATURE(FEATURE) (((FEATURE) == FSMC_Waitfeature_Disable) || \
          ^
"D:\DLP_proj\DLP_github\MKS-DLP-FIRMWARE\Drivers\libstmf4\include\stm32f4xx_fsmc.h",508  Warning[Pe047]: 
          incompatible redefinition of macro "IS_FSMC_WAIT_FEATURE" (declared
          at line 858 of
          "D:\DLP_proj\DLP_github\MKS-DLP-FIRMWARE\Drivers\STM32F4xx_HAL_Driver
          \Inc\stm32f4xx_ll_fsmc.h")

  #define IS_FSMC_ECC_STATE(STATE) (((STATE) == FSMC_ECC_Disable) || \
          ^
"D:\DLP_proj\DLP_github\MKS-DLP-FIRMWARE\Drivers\libstmf4\include\stm32f4xx_fsmc.h",520  Warning[Pe047]: 
          incompatible redefinition of macro "IS_FSMC_ECC_STATE" (declared at
          line 864 of
          "D:\DLP_proj\DLP_github\MKS-DLP-FIRMWARE\Drivers\STM32F4xx_HAL_Driver
          \Inc\stm32f4xx_ll_fsmc.h")

  #define IS_FSMC_ECCPAGE_SIZE(SIZE) (((SIZE) == FSMC_ECCPageSize_256Bytes) || \
          ^
"D:\DLP_proj\DLP_github\MKS-DLP-FIRMWARE\Drivers\libstmf4\include\stm32f4xx_fsmc.h",535  Warning[Pe047]: 
          incompatible redefinition of macro "IS_FSMC_ECCPAGE_SIZE" (declared
          at line 867 of
          "D:\DLP_proj\DLP_github\MKS-DLP-FIRMWARE\Drivers\STM32F4xx_HAL_Driver
          \Inc\stm32f4xx_ll_fsmc.h")

  #define IS_FSMC_TCLR_TIME(TIME) ((TIME) <= 0xFF)
          ^
"D:\DLP_proj\DLP_github\MKS-DLP-FIRMWARE\Drivers\libstmf4\include\stm32f4xx_fsmc.h",548  Warning[Pe047]: 
          incompatible redefinition of macro "IS_FSMC_TCLR_TIME" (declared at
          line 874 of
          "D:\DLP_proj\DLP_github\MKS-DLP-FIRMWARE\Drivers\STM32F4xx_HAL_Driver
          \Inc\stm32f4xx_ll_fsmc.h")

  #define IS_FSMC_TAR_TIME(TIME) ((TIME) <= 0xFF)
          ^
"D:\DLP_proj\DLP_github\MKS-DLP-FIRMWARE\Drivers\libstmf4\include\stm32f4xx_fsmc.h",556  Warning[Pe047]: 
          incompatible redefinition of macro "IS_FSMC_TAR_TIME" (declared at
          line 876 of
          "D:\DLP_proj\DLP_github\MKS-DLP-FIRMWARE\Drivers\STM32F4xx_HAL_Driver
          \Inc\stm32f4xx_ll_fsmc.h")

  #define IS_FSMC_SETUP_TIME(TIME) ((TIME) <= 0xFF)
          ^
"D:\DLP_proj\DLP_github\MKS-DLP-FIRMWARE\Drivers\libstmf4\include\stm32f4xx_fsmc.h",564  Warning[Pe047]: 
          incompatible redefinition of macro "IS_FSMC_SETUP_TIME" (declared at
          line 878 of
          "D:\DLP_proj\DLP_github\MKS-DLP-FIRMWARE\Drivers\STM32F4xx_HAL_Driver
          \Inc\stm32f4xx_ll_fsmc.h")

  #define IS_FSMC_WAIT_TIME(TIME) ((TIME) <= 0xFF)
          ^
"D:\DLP_proj\DLP_github\MKS-DLP-FIRMWARE\Drivers\libstmf4\include\stm32f4xx_fsmc.h",572  Warning[Pe047]: 
          incompatible redefinition of macro "IS_FSMC_WAIT_TIME" (declared at
          line 880 of
          "D:\DLP_proj\DLP_github\MKS-DLP-FIRMWARE\Drivers\STM32F4xx_HAL_Driver
          \Inc\stm32f4xx_ll_fsmc.h")

  #define IS_FSMC_HOLD_TIME(TIME) ((TIME) <= 0xFF)
          ^
"D:\DLP_proj\DLP_github\MKS-DLP-FIRMWARE\Drivers\libstmf4\include\stm32f4xx_fsmc.h",580  Warning[Pe047]: 
          incompatible redefinition of macro "IS_FSMC_HOLD_TIME" (declared at
          line 882 of
          "D:\DLP_proj\DLP_github\MKS-DLP-FIRMWARE\Drivers\STM32F4xx_HAL_Driver
          \Inc\stm32f4xx_ll_fsmc.h")

  #define IS_FSMC_HIZ_TIME(TIME) ((TIME) <= 0xFF)
          ^
"D:\DLP_proj\DLP_github\MKS-DLP-FIRMWARE\Drivers\libstmf4\include\stm32f4xx_fsmc.h",588  Warning[Pe047]: 
          incompatible redefinition of macro "IS_FSMC_HIZ_TIME" (declared at
          line 884 of
          "D:\DLP_proj\DLP_github\MKS-DLP-FIRMWARE\Drivers\STM32F4xx_HAL_Driver
          \Inc\stm32f4xx_ll_fsmc.h")

  #define FSMC_FLAG_FEMPT                          ((uint32_t)0x00000040)
          ^
"D:\DLP_proj\DLP_github\MKS-DLP-FIRMWARE\Drivers\libstmf4\include\stm32f4xx_fsmc.h",613  Warning[Pe047]: 
          incompatible redefinition of macro "FSMC_FLAG_FEMPT" (declared at
          line 530 of
          "D:\DLP_proj\DLP_github\MKS-DLP-FIRMWARE\Drivers\STM32F4xx_HAL_Driver
          \Inc\stm32f4xx_ll_fsmc.h")

    #define assert_param(expr) ((void)0)        
            ^
"D:\DLP_proj\DLP_github\MKS-DLP-FIRMWARE\Drivers\libstmf4\stm32f4xx_conf.h",149  Warning[Pe047]: 
          incompatible redefinition of macro "assert_param" (declared at line
          431 of
          "D:\DLP_proj\DLP_github\MKS-DLP-FIRMWARE\EWARM/../Inc\stm32f4xx_hal_c
          onf.h")
     45          #include "mks_test.h"

  #define IS_SPI_MODE(MODE) (((MODE) == SPI_Mode_Master) || \
          ^
"D:\DLP_proj\DLP_github\MKS-DLP-FIRMWARE\Drivers\libstmf4\include\stm32f4xx_spi.h",173  Warning[Pe047]: 
          incompatible redefinition of macro "IS_SPI_MODE" (declared at line
          511 of
          "D:\DLP_proj\DLP_github\MKS-DLP-FIRMWARE\Drivers\STM32F4xx_HAL_Driver
          \Inc\stm32f4xx_hal_spi.h")

  #define IS_SPI_DATASIZE(DATASIZE) (((DATASIZE) == SPI_DataSize_16b) || \
          ^
"D:\DLP_proj\DLP_github\MKS-DLP-FIRMWARE\Drivers\libstmf4\include\stm32f4xx_spi.h",185  Warning[Pe047]: 
          incompatible redefinition of macro "IS_SPI_DATASIZE" (declared at
          line 523 of
          "D:\DLP_proj\DLP_github\MKS-DLP-FIRMWARE\Drivers\STM32F4xx_HAL_Driver
          \Inc\stm32f4xx_hal_spi.h")

  #define IS_SPI_CPOL(CPOL) (((CPOL) == SPI_CPOL_Low) || \
          ^
"D:\DLP_proj\DLP_github\MKS-DLP-FIRMWARE\Drivers\libstmf4\include\stm32f4xx_spi.h",197  Warning[Pe047]: 
          incompatible redefinition of macro "IS_SPI_CPOL" (declared at line
          526 of
          "D:\DLP_proj\DLP_github\MKS-DLP-FIRMWARE\Drivers\STM32F4xx_HAL_Driver
          \Inc\stm32f4xx_hal_spi.h")

  #define IS_SPI_CPHA(CPHA) (((CPHA) == SPI_CPHA_1Edge) || \
          ^
"D:\DLP_proj\DLP_github\MKS-DLP-FIRMWARE\Drivers\libstmf4\include\stm32f4xx_spi.h",209  Warning[Pe047]: 
          incompatible redefinition of macro "IS_SPI_CPHA" (declared at line
          529 of
          "D:\DLP_proj\DLP_github\MKS-DLP-FIRMWARE\Drivers\STM32F4xx_HAL_Driver
          \Inc\stm32f4xx_hal_spi.h")

  #define IS_SPI_NSS(NSS) (((NSS) == SPI_NSS_Soft) || \
          ^
"D:\DLP_proj\DLP_github\MKS-DLP-FIRMWARE\Drivers\libstmf4\include\stm32f4xx_spi.h",221  Warning[Pe047]: 
          incompatible redefinition of macro "IS_SPI_NSS" (declared at line
          532 of
          "D:\DLP_proj\DLP_github\MKS-DLP-FIRMWARE\Drivers\STM32F4xx_HAL_Driver
          \Inc\stm32f4xx_hal_spi.h")

  #define IS_SPI_BAUDRATE_PRESCALER(PRESCALER) (((PRESCALER) == SPI_BaudRatePrescaler_2) || \
          ^
"D:\DLP_proj\DLP_github\MKS-DLP-FIRMWARE\Drivers\libstmf4\include\stm32f4xx_spi.h",239  Warning[Pe047]: 
          incompatible redefinition of macro "IS_SPI_BAUDRATE_PRESCALER"
          (declared at line 536 of
          "D:\DLP_proj\DLP_github\MKS-DLP-FIRMWARE\Drivers\STM32F4xx_HAL_Driver
          \Inc\stm32f4xx_hal_spi.h")

  #define IS_SPI_FIRST_BIT(BIT) (((BIT) == SPI_FirstBit_MSB) || \
          ^
"D:\DLP_proj\DLP_github\MKS-DLP-FIRMWARE\Drivers\libstmf4\include\stm32f4xx_spi.h",257  Warning[Pe047]: 
          incompatible redefinition of macro "IS_SPI_FIRST_BIT" (declared at
          line 545 of
          "D:\DLP_proj\DLP_github\MKS-DLP-FIRMWARE\Drivers\STM32F4xx_HAL_Driver
          \Inc\stm32f4xx_hal_spi.h")

  #define IS_SPI_DIRECTION(DIRECTION) (((DIRECTION) == SPI_Direction_Rx) || \
          ^
"D:\DLP_proj\DLP_github\MKS-DLP-FIRMWARE\Drivers\libstmf4\include\stm32f4xx_spi.h",400  Warning[Pe047]: 
          incompatible redefinition of macro "IS_SPI_DIRECTION" (declared at
          line 514 of
          "D:\DLP_proj\DLP_github\MKS-DLP-FIRMWARE\Drivers\STM32F4xx_HAL_Driver
          \Inc\stm32f4xx_hal_spi.h")

  #define SPI_FLAG_CRCERR                 ((uint16_t)0x0010)
          ^
"D:\DLP_proj\DLP_github\MKS-DLP-FIRMWARE\Drivers\libstmf4\include\stm32f4xx_spi.h",442  Warning[Pe047]: 
          incompatible redefinition of macro "SPI_FLAG_CRCERR" (declared at
          line 293 of
          "D:\DLP_proj\DLP_github\MKS-DLP-FIRMWARE\Drivers\STM32F4xx_HAL_Driver
          \Inc\stm32f4xx_hal_spi.h")

  #define SPI_FLAG_MODF                   ((uint16_t)0x0020)
          ^
"D:\DLP_proj\DLP_github\MKS-DLP-FIRMWARE\Drivers\libstmf4\include\stm32f4xx_spi.h",443  Warning[Pe047]: 
          incompatible redefinition of macro "SPI_FLAG_MODF" (declared at line
          294 of
          "D:\DLP_proj\DLP_github\MKS-DLP-FIRMWARE\Drivers\STM32F4xx_HAL_Driver
          \Inc\stm32f4xx_hal_spi.h")

  #define IS_SPI_CRC_POLYNOMIAL(POLYNOMIAL) ((POLYNOMIAL) >= 0x1)
          ^
"D:\DLP_proj\DLP_github\MKS-DLP-FIRMWARE\Drivers\libstmf4\include\stm32f4xx_spi.h",462  Warning[Pe047]: 
          incompatible redefinition of macro "IS_SPI_CRC_POLYNOMIAL" (declared
          at line 554 of
          "D:\DLP_proj\DLP_github\MKS-DLP-FIRMWARE\Drivers\STM32F4xx_HAL_Driver
          \Inc\stm32f4xx_hal_spi.h")

  #define SPI_IT_TXE                   SPI_I2S_IT_TXE
          ^
"D:\DLP_proj\DLP_github\MKS-DLP-FIRMWARE\Drivers\libstmf4\include\stm32f4xx_spi.h",473  Warning[Pe047]: 
          incompatible redefinition of macro "SPI_IT_TXE" (declared at line
          280 of
          "D:\DLP_proj\DLP_github\MKS-DLP-FIRMWARE\Drivers\STM32F4xx_HAL_Driver
          \Inc\stm32f4xx_hal_spi.h")

  #define SPI_IT_RXNE                  SPI_I2S_IT_RXNE
          ^
"D:\DLP_proj\DLP_github\MKS-DLP-FIRMWARE\Drivers\libstmf4\include\stm32f4xx_spi.h",474  Warning[Pe047]: 
          incompatible redefinition of macro "SPI_IT_RXNE" (declared at line
          281 of
          "D:\DLP_proj\DLP_github\MKS-DLP-FIRMWARE\Drivers\STM32F4xx_HAL_Driver
          \Inc\stm32f4xx_hal_spi.h")

  #define SPI_IT_ERR                   SPI_I2S_IT_ERR
          ^
"D:\DLP_proj\DLP_github\MKS-DLP-FIRMWARE\Drivers\libstmf4\include\stm32f4xx_spi.h",475  Warning[Pe047]: 
          incompatible redefinition of macro "SPI_IT_ERR" (declared at line
          282 of
          "D:\DLP_proj\DLP_github\MKS-DLP-FIRMWARE\Drivers\STM32F4xx_HAL_Driver
          \Inc\stm32f4xx_hal_spi.h")

  #define SPI_FLAG_RXNE                SPI_I2S_FLAG_RXNE
          ^
"D:\DLP_proj\DLP_github\MKS-DLP-FIRMWARE\Drivers\libstmf4\include\stm32f4xx_spi.h",477  Warning[Pe047]: 
          incompatible redefinition of macro "SPI_FLAG_RXNE" (declared at line
          290 of
          "D:\DLP_proj\DLP_github\MKS-DLP-FIRMWARE\Drivers\STM32F4xx_HAL_Driver
          \Inc\stm32f4xx_hal_spi.h")

  #define SPI_FLAG_TXE                 SPI_I2S_FLAG_TXE
          ^
"D:\DLP_proj\DLP_github\MKS-DLP-FIRMWARE\Drivers\libstmf4\include\stm32f4xx_spi.h",478  Warning[Pe047]: 
          incompatible redefinition of macro "SPI_FLAG_TXE" (declared at line
          291 of
          "D:\DLP_proj\DLP_github\MKS-DLP-FIRMWARE\Drivers\STM32F4xx_HAL_Driver
          \Inc\stm32f4xx_hal_spi.h")

  #define SPI_FLAG_OVR                 SPI_I2S_FLAG_OVR
          ^
"D:\DLP_proj\DLP_github\MKS-DLP-FIRMWARE\Drivers\libstmf4\include\stm32f4xx_spi.h",479  Warning[Pe047]: 
          incompatible redefinition of macro "SPI_FLAG_OVR" (declared at line
          295 of
          "D:\DLP_proj\DLP_github\MKS-DLP-FIRMWARE\Drivers\STM32F4xx_HAL_Driver
          \Inc\stm32f4xx_hal_spi.h")

  #define SPI_FLAG_BSY                 SPI_I2S_FLAG_BSY
          ^
"D:\DLP_proj\DLP_github\MKS-DLP-FIRMWARE\Drivers\libstmf4\include\stm32f4xx_spi.h",480  Warning[Pe047]: 
          incompatible redefinition of macro "SPI_FLAG_BSY" (declared at line
          292 of
          "D:\DLP_proj\DLP_github\MKS-DLP-FIRMWARE\Drivers\STM32F4xx_HAL_Driver
          \Inc\stm32f4xx_hal_spi.h")
     46          #include "mks_dlp_main.h"
     47          #include "cardreader.h"

  #define SD_DETECT_INVERTED false
          ^
"D:\DLP_proj\DLP_github\MKS-DLP-FIRMWARE\Middlewares\Third_Party\Marlin\cardreader.h",27  Warning[Pe047]: 
          incompatible redefinition of macro "SD_DETECT_INVERTED" (declared at
          line 512 of
          "D:\DLP_proj\DLP_github\MKS-DLP-FIRMWARE\Middlewares\Third_Party\Marl
          in\Configuration_adv.h")

  #define pgm_read_byte(x) (*(char*)x)
          ^
"D:\DLP_proj\DLP_github\MKS-DLP-FIRMWARE\Middlewares\Third_Party\Marlin\cardreader.h",32  Warning[Pe047]: 
          incompatible redefinition of macro "pgm_read_byte" (declared at line
          64 of
          "D:\DLP_proj\DLP_github\MKS-DLP-FIRMWARE\Middlewares\Third_Party\Marl
          in\Marlin_export.h")

  #define PSTR(x)          (x)
          ^
"D:\DLP_proj\DLP_github\MKS-DLP-FIRMWARE\Middlewares\Third_Party\Marlin\Marlin.h",63  Warning[Pe047]: 
          incompatible redefinition of macro "PSTR" (declared at line 31 of
          "D:\DLP_proj\DLP_github\MKS-DLP-FIRMWARE\EWARM/../Middlewares/Third_P
          arty/Marlin\cardreader.h")

      static constexpr int8_t next_block_index(const int8_t block_index) { return BLOCK_MOD(block_index + 1); }
             ^
"D:\DLP_proj\DLP_github\MKS-DLP-FIRMWARE\Middlewares\Third_Party\Marlin\planner.h",582  Warning[Pe815]: 
          type qualifier on return type is meaningless

      static constexpr int8_t prev_block_index(const int8_t block_index) { return BLOCK_MOD(block_index - 1); }
             ^
"D:\DLP_proj\DLP_github\MKS-DLP-FIRMWARE\Middlewares\Third_Party\Marlin\planner.h",583  Warning[Pe815]: 
          type qualifier on return type is meaningless

        target_temperature[HOTEND_INDEX] = celsius;
                                         ^
"D:\DLP_proj\DLP_github\MKS-DLP-FIRMWARE\Middlewares\Third_Party\Marlin\temperature.h",397  Warning[Pa093]: 
          implicit conversion from floating point to integer

  #define LONG_FILENAME_LENGTH (13*MAX_VFAT_ENTRIES+1)
          ^
"D:\DLP_proj\DLP_github\MKS-DLP-FIRMWARE\Middlewares\Third_Party\Marlin\cardreader.h",61  Warning[Pe047]: 
          incompatible redefinition of macro "LONG_FILENAME_LENGTH" (declared
          at line 119 of
          "D:\DLP_proj\DLP_github\MKS-DLP-FIRMWARE\Middlewares\Third_Party\Marl
          in\SdFatConfig.h")

  #define ALLOW_DEPRECATED_FUNCTIONS 0
          ^
"D:\DLP_proj\DLP_github\MKS-DLP-FIRMWARE\Middlewares\Third_Party\Marlin\SdFat.h",635  Warning[Pe047]: 
          incompatible redefinition of macro "ALLOW_DEPRECATED_FUNCTIONS"
          (declared at line 67 of
          "D:\DLP_proj\DLP_github\MKS-DLP-FIRMWARE\Middlewares\Third_Party\Marl
          in\SdFatConfig.h")

  #define SPI_SD_INIT_RATE 11
          ^
"D:\DLP_proj\DLP_github\MKS-DLP-FIRMWARE\Middlewares\Third_Party\Marlin\SdFat.h",647  Warning[Pe047]: 
          incompatible redefinition of macro "SPI_SD_INIT_RATE" (declared at
          line 79 of
          "D:\DLP_proj\DLP_github\MKS-DLP-FIRMWARE\Middlewares\Third_Party\Marl
          in\SdFatConfig.h")
     48          #include "usb_host.h"
     49          
     50          extern void SysTick_Handler_User();
     51          
     52          extern volatile int OS_TimeMS;
     53          /* USER CODE END 0 */
     54          
     55          
     56          /* External variables --------------------------------------------------------*/
     57          extern HCD_HandleTypeDef hhcd_USB_OTG_FS;
     58          extern DMA_HandleTypeDef hdma_sdio_rx;
     59          extern DMA_HandleTypeDef hdma_sdio_tx;
     60          extern SD_HandleTypeDef hsd;
     61          extern DMA_HandleTypeDef hdma_spi1_rx;
     62          extern DMA_HandleTypeDef hdma_spi1_tx;
     63          extern DMA_HandleTypeDef hdma_spi2_rx;
     64          extern DMA_HandleTypeDef hdma_spi2_tx;
     65          extern SPI_HandleTypeDef hspi1;
     66          extern SPI_HandleTypeDef hspi2;
     67          extern TIM_HandleTypeDef htim2;
     68          extern TIM_HandleTypeDef htim3;
     69          extern TIM_HandleTypeDef htim4;
     70          extern TIM_HandleTypeDef htim5;
     71          extern DMA_HandleTypeDef hdma_usart1_rx;
     72          extern DMA_HandleTypeDef hdma_usart1_tx;
     73          extern DMA_HandleTypeDef hdma_usart6_rx;
     74          extern DMA_HandleTypeDef hdma_usart6_tx;
     75          extern UART_HandleTypeDef huart1;
     76          extern UART_HandleTypeDef huart3;
     77          extern UART_HandleTypeDef huart6;
     78          
     79          /******************************************************************************/
     80          /*            Cortex-M4 Processor Interruption and Exception Handlers         */ 
     81          /******************************************************************************/
     82          
     83          /**
     84          * @brief This function handles Non maskable interrupt.
     85          */
     86          /* USER CODE BEGIN 5 */
     87          /* USER CODE END 5 */
     88          
     89          
     90          

   \                                 In section .text, align 2, keep-with-next
     91          void NMI_Handler(void)
     92          {
     93            /* USER CODE BEGIN NonMaskableInt_IRQn 0 */
     94          
     95            /* USER CODE END NonMaskableInt_IRQn 0 */
     96            /* USER CODE BEGIN NonMaskableInt_IRQn 1 */
     97          
     98            /* USER CODE END NonMaskableInt_IRQn 1 */
     99          }
   \                     NMI_Handler: (+1)
   \   00000000   0x4770             BX       LR               ;; return
    100          
    101          /**
    102          * @brief This function handles Hard fault interrupt.
    103          */

   \                                 In section .text, align 2, keep-with-next
    104          void HardFault_Handler(void)
    105          {
    106            /* USER CODE BEGIN HardFault_IRQn 0 */
    107          
    108            /* USER CODE END HardFault_IRQn 0 */
    109            while (1)
   \                     HardFault_Handler: (+1)
   \                     ??HardFault_Handler_0: (+1)
   \   00000000   0xE7FE             B.N      ??HardFault_Handler_0
    110            {
    111            }
    112            /* USER CODE BEGIN HardFault_IRQn 1 */
    113          
    114            /* USER CODE END HardFault_IRQn 1 */
    115          }
    116          
    117          /**
    118          * @brief This function handles Memory management fault.
    119          */

   \                                 In section .text, align 2, keep-with-next
    120          void MemManage_Handler(void)
    121          {
    122            /* USER CODE BEGIN MemoryManagement_IRQn 0 */
    123          
    124            /* USER CODE END MemoryManagement_IRQn 0 */
    125            while (1)
   \                     MemManage_Handler: (+1)
   \                     ??MemManage_Handler_0: (+1)
   \   00000000   0xE7FE             B.N      ??MemManage_Handler_0
    126            {
    127            }
    128            /* USER CODE BEGIN MemoryManagement_IRQn 1 */
    129          
    130            /* USER CODE END MemoryManagement_IRQn 1 */
    131          }
    132          
    133          /**
    134          * @brief This function handles Pre-fetch fault, memory access fault.
    135          */

   \                                 In section .text, align 2, keep-with-next
    136          void BusFault_Handler(void)
    137          {
    138            /* USER CODE BEGIN BusFault_IRQn 0 */
    139          
    140            /* USER CODE END BusFault_IRQn 0 */
    141            while (1)
   \                     BusFault_Handler: (+1)
   \                     ??BusFault_Handler_0: (+1)
   \   00000000   0xE7FE             B.N      ??BusFault_Handler_0
    142            {
    143            }
    144            /* USER CODE BEGIN BusFault_IRQn 1 */
    145          
    146            /* USER CODE END BusFault_IRQn 1 */
    147          }
    148          
    149          /**
    150          * @brief This function handles Undefined instruction or illegal state.
    151          */

   \                                 In section .text, align 2, keep-with-next
    152          void UsageFault_Handler(void)
    153          {
    154            /* USER CODE BEGIN UsageFault_IRQn 0 */
    155          
    156            /* USER CODE END UsageFault_IRQn 0 */
    157            while (1)
   \                     UsageFault_Handler: (+1)
   \                     ??UsageFault_Handler_0: (+1)
   \   00000000   0xE7FE             B.N      ??UsageFault_Handler_0
    158            {
    159            }
    160            /* USER CODE BEGIN UsageFault_IRQn 1 */
    161          
    162            /* USER CODE END UsageFault_IRQn 1 */
    163          }
    164          
    165          /**
    166          * @brief This function handles System service call via SWI instruction.
    167          */

   \                                 In section .text, align 2, keep-with-next
    168          void SVC_Handler(void)
    169          {
    170            /* USER CODE BEGIN SVCall_IRQn 0 */
    171          
    172            /* USER CODE END SVCall_IRQn 0 */
    173            /* USER CODE BEGIN SVCall_IRQn 1 */
    174          
    175            /* USER CODE END SVCall_IRQn 1 */
    176          }
   \                     SVC_Handler: (+1)
   \   00000000   0x4770             BX       LR               ;; return
    177          
    178          /**
    179          * @brief This function handles Debug monitor.
    180          */

   \                                 In section .text, align 2, keep-with-next
    181          void DebugMon_Handler(void)
    182          {
    183            /* USER CODE BEGIN DebugMonitor_IRQn 0 */
    184          
    185            /* USER CODE END DebugMonitor_IRQn 0 */
    186            /* USER CODE BEGIN DebugMonitor_IRQn 1 */
    187          
    188            /* USER CODE END DebugMonitor_IRQn 1 */
    189          }
   \                     DebugMon_Handler: (+1)
   \   00000000   0x4770             BX       LR               ;; return
    190          
    191          /**
    192          * @brief This function handles Pendable request for system service.
    193          */

   \                                 In section .text, align 2, keep-with-next
    194          void PendSV_Handler(void)
    195          {
    196            /* USER CODE BEGIN PendSV_IRQn 0 */
    197          
    198            /* USER CODE END PendSV_IRQn 0 */
    199            /* USER CODE BEGIN PendSV_IRQn 1 */
    200          
    201            /* USER CODE END PendSV_IRQn 1 */
    202          }
   \                     PendSV_Handler: (+1)
   \   00000000   0x4770             BX       LR               ;; return
    203          
    204          /**
    205          * @brief This function handles System tick timer.
    206          */

   \                                 In section .text, align 2, keep-with-next
    207          void SysTick_Handler(void)
    208          {
   \                     SysTick_Handler: (+1)
   \   00000000   0xB580             PUSH     {R7,LR}
    209            /* USER CODE BEGIN SysTick_IRQn 0 */
    210            _dwTickCount++;
   \   00000002   0x....             LDR.N    R0,??DataTable17
   \   00000004   0x6801             LDR      R1,[R0, #+0]
   \   00000006   0x1C49             ADDS     R1,R1,#+1
   \   00000008   0x6001             STR      R1,[R0, #+0]
    211            mksdlp.tick_ms++;
   \   0000000A   0x....             LDR.N    R0,??DataTable17_1
   \   0000000C   0xF8D0 0x12D8      LDR      R1,[R0, #+728]
   \   00000010   0x1C49             ADDS     R1,R1,#+1
   \   00000012   0xF8C0 0x12D8      STR      R1,[R0, #+728]
    212          
    213             if(Appli_state == APPLICATION_START)
   \   00000016   0x....             LDR.N    R0,??DataTable17_2
   \   00000018   0x....             LDR.N    R1,??DataTable17_3
   \   0000001A   0xF991 0x1000      LDRSB    R1,[R1, #+0]
   \   0000001E   0x2901             CMP      R1,#+1
   \   00000020   0xD105             BNE.N    ??SysTick_Handler_0
    214             	card.udisk_start_tick++;
   \   00000022   0xF8D0 0x19C0      LDR      R1,[R0, #+2496]
   \   00000026   0x1C49             ADDS     R1,R1,#+1
   \   00000028   0xF8C0 0x19C0      STR      R1,[R0, #+2496]
   \   0000002C   0xE002             B.N      ??SysTick_Handler_1
    215             else
    216             	card.udisk_start_tick = 0;
   \                     ??SysTick_Handler_0: (+1)
   \   0000002E   0x2100             MOVS     R1,#+0
   \   00000030   0xF8C0 0x19C0      STR      R1,[R0, #+2496]
    217            
    218            //mksdlp.cnt_tick_buzzer++;
    219            //OS_TimeMS++;
    220            //SysTick_Handler_User();
    221            /* USER CODE END SysTick_IRQn 0 */
    222            HAL_IncTick();
   \                     ??SysTick_Handler_1: (+1)
   \   00000034   0x.... 0x....      BL       HAL_IncTick
    223            HAL_SYSTICK_IRQHandler();
   \   00000038   0x.... 0x....      BL       HAL_SYSTICK_IRQHandler
    224            /* USER CODE BEGIN SysTick_IRQn 1 */
    225            SysTick_Handler_User();
   \   0000003C   0xE8BD 0x4001      POP      {R0,LR}
   \   00000040   0x.... 0x....      B.W      _Z20SysTick_Handler_Userv
    226            /* USER CODE END SysTick_IRQn 1 */
    227          }
    228          
    229          /******************************************************************************/
    230          /* STM32F4xx Peripheral Interrupt Handlers                                    */
    231          /* Add here the Interrupt Handlers for the used peripherals.                  */
    232          /* For the available peripheral interrupt handler names,                      */
    233          /* please refer to the startup file (startup_stm32f4xx.s).                    */
    234          /******************************************************************************/
    235          
    236          /**
    237          * @brief This function handles EXTI line0 interrupt.
    238          */

   \                                 In section .text, align 4, keep-with-next
    239          void EXTI0_IRQHandler(void)
    240          {
    241            /* USER CODE BEGIN EXTI0_IRQn 0 */
    242            __ASM volatile("cpsid i");            //禁止中断
   \                     EXTI0_IRQHandler: (+1)
   \   00000000   0xB672             cpsid i
    243            //mksPwrDET_IRQHandler();       //mks mask3
    244            __ASM volatile("cpsie i");    //允许中断
   \   00000002   0xB662             cpsie i
    245            /* USER CODE END EXTI0_IRQn 0 */
    246            HAL_GPIO_EXTI_IRQHandler(GPIO_PIN_0);
   \   00000004   0x2001             MOVS     R0,#+1
   \   00000006   0x.... 0x....      B.W      HAL_GPIO_EXTI_IRQHandler
    247            /* USER CODE BEGIN EXTI0_IRQn 1 */
    248          
    249            /* USER CODE END EXTI0_IRQn 1 */
    250          }
    251          
    252          /**
    253          * @brief This function handles EXTI line3 interrupt.
    254          */

   \                                 In section .text, align 4, keep-with-next
    255          void EXTI3_IRQHandler(void)
    256          {
    257            /* USER CODE BEGIN EXTI3_IRQn 0 */
    258            //__ASM volatile("cpsid i");            //禁止中断  
    259            //mks mask7
    260            //mksPwrDn_IRQHandler();
    261            __ASM volatile("cpsie i");    //允许中断
   \                     EXTI3_IRQHandler: (+1)
   \   00000000   0xB662             cpsie i
    262            /* USER CODE END EXTI3_IRQn 0 */
    263            HAL_GPIO_EXTI_IRQHandler(GPIO_PIN_3);
   \   00000002   0x2008             MOVS     R0,#+8
   \   00000004   0x.... 0x....      B.W      HAL_GPIO_EXTI_IRQHandler
    264            /* USER CODE BEGIN EXTI3_IRQn 1 */
    265          
    266            /* USER CODE END EXTI3_IRQn 1 */
    267          }
    268          
    269          /**
    270          * @brief This function handles DMA1 stream3 global interrupt.
    271          */

   \                                 In section .text, align 2, keep-with-next
    272          void DMA1_Stream3_IRQHandler(void)
    273          {
    274            /* USER CODE BEGIN DMA1_Stream3_IRQn 0 */
    275          
    276            /* USER CODE END DMA1_Stream3_IRQn 0 */
    277            HAL_DMA_IRQHandler(&hdma_spi2_rx);
   \                     DMA1_Stream3_IRQHandler: (+1)
   \   00000000   0x....             LDR.N    R0,??DataTable17_4
   \   00000002   0x.... 0x....      B.W      HAL_DMA_IRQHandler
    278            /* USER CODE BEGIN DMA1_Stream3_IRQn 1 */
    279          
    280            /* USER CODE END DMA1_Stream3_IRQn 1 */
    281          }
    282          
    283          /**
    284          * @brief This function handles DMA1 stream4 global interrupt.
    285          */

   \                                 In section .text, align 2, keep-with-next
    286          void DMA1_Stream4_IRQHandler(void)
    287          {
    288            /* USER CODE BEGIN DMA1_Stream4_IRQn 0 */
    289          
    290            /* USER CODE END DMA1_Stream4_IRQn 0 */
    291            HAL_DMA_IRQHandler(&hdma_spi2_tx);
   \                     DMA1_Stream4_IRQHandler: (+1)
   \   00000000   0x....             LDR.N    R0,??DataTable17_5
   \   00000002   0x.... 0x....      B.W      HAL_DMA_IRQHandler
    292            /* USER CODE BEGIN DMA1_Stream4_IRQn 1 */
    293          
    294            /* USER CODE END DMA1_Stream4_IRQn 1 */
    295          }
    296          
    297          /**
    298          * @brief This function handles ADC1, ADC2 and ADC3 global interrupts.
    299          */
    300          /**
    301          * @brief This function handles TIM2 global interrupt.
    302          */

   \                                 In section .text, align 2, keep-with-next
    303          void TIM2_IRQHandler(void)
    304          {
   \                     TIM2_IRQHandler: (+1)
   \   00000000   0xB580             PUSH     {R7,LR}
    305            /* USER CODE BEGIN TIM2_IRQn 0 */
    306          
    307            /* USER CODE END TIM2_IRQn 0 */
    308            
    309            HAL_TIM_IRQHandler(&htim2);
   \   00000002   0x....             LDR.N    R0,??DataTable17_6
   \   00000004   0x.... 0x....      BL       HAL_TIM_IRQHandler
    310            /* USER CODE BEGIN TIM2_IRQn 1 */
    311            IsrStepperHandler();
   \   00000008   0xE8BD 0x4001      POP      {R0,LR}
   \   0000000C   0x.... 0x....      B.W      IsrStepperHandler
    312          
    313            /* USER CODE END TIM2_IRQn 1 */
    314          }
    315          
    316          /**
    317          * @brief This function handles TIM3 global interrupt.
    318          */

   \                                 In section .text, align 2, keep-with-next
    319          void TIM3_IRQHandler(void)
    320          {
   \                     TIM3_IRQHandler: (+1)
   \   00000000   0xB580             PUSH     {R7,LR}
    321            /* USER CODE BEGIN TIM3_IRQn 0 */
    322            mksdlp.buzzer_polling();
   \   00000002   0x....             LDR.N    R0,??DataTable17_1
   \   00000004   0x.... 0x....      BL       _ZN7MKS_DLP14buzzer_pollingEv
    323            //mks mask5
    324            //PWM_MKS_VECTOR();
    325            /* USER CODE END TIM3_IRQn 0 */
    326            HAL_TIM_IRQHandler(&htim3);
   \   00000008   0x....             LDR.N    R0,??DataTable17_7
   \   0000000A   0xE8BD 0x4002      POP      {R1,LR}
   \   0000000E   0x.... 0x....      B.W      HAL_TIM_IRQHandler
    327            
    328            /* USER CODE BEGIN TIM3_IRQn 1 */
    329          
    330            /* USER CODE END TIM3_IRQn 1 */
    331          }
    332          
    333          /**
    334          * @brief This function handles TIM4 global interrupt.
    335          */

   \                                 In section .text, align 2, keep-with-next
    336          void TIM4_IRQHandler(void)
    337          {
    338            /* USER CODE BEGIN TIM4_IRQn 0 */
    339            // T= 1ms
    340          
    341            /* USER CODE END TIM4_IRQn 0 */
    342            HAL_TIM_IRQHandler(&htim4);
   \                     TIM4_IRQHandler: (+1)
   \   00000000   0x....             LDR.N    R0,??DataTable17_8
   \   00000002   0x.... 0x....      B.W      HAL_TIM_IRQHandler
    343            /* USER CODE BEGIN TIM4_IRQn 1 */
    344            //IsrTemperatureHandler();	//mks 2018-08
    345          
    346            /* USER CODE END TIM4_IRQn 1 */
    347          }
    348          
    349          /**
    350          * @brief This function handles SPI1 global interrupt.
    351          */

   \                                 In section .text, align 2, keep-with-next
    352          void SPI1_IRQHandler(void)
    353          {
    354            /* USER CODE BEGIN SPI1_IRQn 0 */
    355          
    356            /* USER CODE END SPI1_IRQn 0 */
    357            HAL_SPI_IRQHandler(&hspi1);
   \                     SPI1_IRQHandler: (+1)
   \   00000000   0x....             LDR.N    R0,??DataTable17_9
   \   00000002   0x.... 0x....      B.W      HAL_SPI_IRQHandler
    358            /* USER CODE BEGIN SPI1_IRQn 1 */
    359          
    360            /* USER CODE END SPI1_IRQn 1 */
    361          }
    362          
    363          /**
    364          * @brief This function handles SPI2 global interrupt.
    365          */

   \                                 In section .text, align 2, keep-with-next
    366          void SPI2_IRQHandler(void)
    367          {
    368            /* USER CODE BEGIN SPI2_IRQn 0 */
    369          
    370            /* USER CODE END SPI2_IRQn 0 */
    371            HAL_SPI_IRQHandler(&hspi2);
   \                     SPI2_IRQHandler: (+1)
   \   00000000   0x....             LDR.N    R0,??DataTable17_10
   \   00000002   0x.... 0x....      B.W      HAL_SPI_IRQHandler
    372            /* USER CODE BEGIN SPI2_IRQn 1 */
    373          
    374            /* USER CODE END SPI2_IRQn 1 */
    375          }
    376          
    377          /**
    378          * @brief This function handles USART3 global interrupt.
    379          */
    380          #if defined(MKS_DLP_ROBIN2_BOARD)
    381          void USART3_IRQHandler(void)      //STM32CubeMX 更新
    382          {
    383            /* USER CODE BEGIN USART3_IRQn 0 */
    384            MYSERIAL.IrqHandler();
    385            /* USER CODE END USART3_IRQn 0 */
    386            
    387          	
    388            /* USER CODE BEGIN USART3_IRQn 1 */
    389          
    390            /* USER CODE END USART3_IRQn 1 */
    391          }
    392          #endif
    393          
    394          /**
    395          * @brief This function handles SDIO global interrupt.
    396          */

   \                                 In section .text, align 2, keep-with-next
    397          void SDIO_IRQHandler(void)
    398          {
    399            /* USER CODE BEGIN SDIO_IRQn 0 */
    400          
    401            /* USER CODE END SDIO_IRQn 0 */
    402            HAL_SD_IRQHandler(&hsd);
   \                     SDIO_IRQHandler: (+1)
   \   00000000   0x....             LDR.N    R0,??DataTable17_11
   \   00000002   0x.... 0x....      B.W      HAL_SD_IRQHandler
    403            /* USER CODE BEGIN SDIO_IRQn 1 */
    404          
    405            /* USER CODE END SDIO_IRQn 1 */
    406          }
    407          
    408          /**
    409          * @brief This function handles TIM5 global interrupt.
    410          */

   \                                 In section .text, align 2, keep-with-next
    411          void TIM5_IRQHandler(void)
    412          {
    413            /* USER CODE BEGIN TIM5_IRQn 0 */
    414          
    415            /* USER CODE END TIM5_IRQn 0 */
    416            HAL_TIM_IRQHandler(&htim5);
   \                     TIM5_IRQHandler: (+1)
   \   00000000   0x....             LDR.N    R0,??DataTable17_12
   \   00000002   0x.... 0x....      B.W      HAL_TIM_IRQHandler
    417            /* USER CODE BEGIN TIM5_IRQn 1 */
    418          
    419            /* USER CODE END TIM5_IRQn 1 */
    420          }
    421          
    422          /**
    423          * @brief This function handles DMA2 stream0 global interrupt.
    424          */

   \                                 In section .text, align 2, keep-with-next
    425          void DMA2_Stream0_IRQHandler(void)
    426          {
    427            /* USER CODE BEGIN DMA2_Stream0_IRQn 0 */
    428          
    429            /* USER CODE END DMA2_Stream0_IRQn 0 */
    430            
    431            HAL_DMA_IRQHandler(&hdma_spi1_rx);
   \                     DMA2_Stream0_IRQHandler: (+1)
   \   00000000   0x....             LDR.N    R0,??DataTable17_13
   \   00000002   0x.... 0x....      B.W      HAL_DMA_IRQHandler
    432            /* USER CODE BEGIN DMA2_Stream0_IRQn 1 */
    433          
    434            /* USER CODE END DMA2_Stream0_IRQn 1 */
    435          }
    436          
    437          /**
    438          * @brief This function handles DMA2 stream1 global interrupt.
    439          */

   \                                 In section .text, align 2, keep-with-next
    440          void DMA2_Stream1_IRQHandler(void)
    441          {
    442            /* USER CODE BEGIN DMA2_Stream1_IRQn 0 */
    443          
    444            /* USER CODE END DMA2_Stream1_IRQn 0 */
    445            //HAL_DMA_IRQHandler(&hdma_usart6_rx);
    446            /* USER CODE BEGIN DMA2_Stream1_IRQn 1 */
    447          
    448            /* USER CODE END DMA2_Stream1_IRQn 1 */
    449          }
   \                     DMA2_Stream1_IRQHandler: (+1)
   \   00000000   0x4770             BX       LR               ;; return
    450          /**
    451          * @brief This function handles DMA2 stream3 global interrupt.
    452          */

   \                                 In section .text, align 2, keep-with-next
    453          void DMA2_Stream3_IRQHandler(void)
    454          {
    455            /* USER CODE BEGIN DMA2_Stream3_IRQn 0 */
    456          
    457            /* USER CODE END DMA2_Stream3_IRQn 0 */
    458            HAL_DMA_IRQHandler(&hdma_sdio_rx);
   \                     DMA2_Stream3_IRQHandler: (+1)
   \   00000000   0x....             LDR.N    R0,??DataTable17_14
   \   00000002   0x.... 0x....      B.W      HAL_DMA_IRQHandler
    459            /* USER CODE BEGIN DMA2_Stream3_IRQn 1 */
    460          
    461            /* USER CODE END DMA2_Stream3_IRQn 1 */
    462          }
    463          /**
    464          * @brief This function handles USB On The Go FS global interrupt.
    465          */

   \                                 In section .text, align 2, keep-with-next
    466          void OTG_FS_IRQHandler(void)
    467          {
    468            /* USER CODE BEGIN OTG_FS_IRQn 0 */
    469          
    470            /* USER CODE END OTG_FS_IRQn 0 */
    471            HAL_HCD_IRQHandler(&hhcd_USB_OTG_FS);
   \                     OTG_FS_IRQHandler: (+1)
   \   00000000   0x....             LDR.N    R0,??DataTable17_15
   \   00000002   0x.... 0x....      B.W      HAL_HCD_IRQHandler
    472            /* USER CODE BEGIN OTG_FS_IRQn 1 */
    473          
    474            /* USER CODE END OTG_FS_IRQn 1 */
    475          }
    476          
    477          /**
    478          * @brief This function handles DMA2 stream5 global interrupt.
    479          */

   \                                 In section .text, align 2, keep-with-next
    480          void DMA2_Stream5_IRQHandler(void)
    481          {
    482            /* USER CODE BEGIN DMA2_Stream5_IRQn 0 */
    483            CPLD_SPI_CS_OP = 1;
   \                     DMA2_Stream5_IRQHandler: (+1)
   \   00000000   0x2001             MOVS     R0,#+1
   \   00000002   0x....             LDR.N    R1,??DataTable17_16  ;; 0x4240029c
   \   00000004   0x6008             STR      R0,[R1, #+0]
    484          
    485            /* USER CODE END DMA2_Stream5_IRQn 0 */
    486            HAL_DMA_IRQHandler(&hdma_spi1_tx);
   \   00000006   0x....             LDR.N    R0,??DataTable17_17
   \   00000008   0x.... 0x....      B.W      HAL_DMA_IRQHandler
    487          
    488            /* USER CODE BEGIN DMA2_Stream5_IRQn 1 */
    489          
    490            /* USER CODE END DMA2_Stream5_IRQn 1 */
    491          }
    492          
    493          /**
    494          * @brief This function handles DMA2 stream6 global interrupt.
    495          */

   \                                 In section .text, align 2, keep-with-next
    496          void DMA2_Stream6_IRQHandler(void)
    497          {
    498            /* USER CODE BEGIN DMA2_Stream6_IRQn 0 */
    499          
    500            /* USER CODE END DMA2_Stream6_IRQn 0 */
    501            HAL_DMA_IRQHandler(&hdma_sdio_tx);
   \                     DMA2_Stream6_IRQHandler: (+1)
   \   00000000   0x....             LDR.N    R0,??DataTable17_18
   \   00000002   0x.... 0x....      B.W      HAL_DMA_IRQHandler
    502            /* USER CODE BEGIN DMA2_Stream6_IRQn 1 */
    503          
    504            /* USER CODE END DMA2_Stream6_IRQn 1 */
    505          }
    506          
    507          /**
    508          * @brief This function handles DMA2 stream7 global interrupt.
    509          */

   \                                 In section .text, align 2, keep-with-next
    510          void DMA2_Stream7_IRQHandler(void)
    511          {
    512            /* USER CODE BEGIN DMA2_Stream7_IRQn 0 */
    513          
    514            /* USER CODE END DMA2_Stream7_IRQn 0 */
    515            //HAL_DMA_IRQHandler(&hdma_usart6_tx);
    516            HAL_DMA_IRQHandler(&hdma_usart1_tx);
   \                     DMA2_Stream7_IRQHandler: (+1)
   \   00000000   0x....             LDR.N    R0,??DataTable17_19
   \   00000002   0x.... 0x....      B.W      HAL_DMA_IRQHandler
    517            /* USER CODE BEGIN DMA2_Stream7_IRQn 1 */
    518          
    519            /* USER CODE END DMA2_Stream7_IRQn 1 */
    520          }
    521          
    522          /**
    523          * @brief This function handles USART6 global interrupt.
    524          */

   \                                 In section .text, align 2, keep-with-next
    525          void USART6_IRQHandler(void)
    526          {
    527            /* USER CODE BEGIN USART6_IRQn 0 */
    528          #if defined(MKS_DLP_BOARD)
    529          	MYSERIAL.IrqHandler();
   \                     USART6_IRQHandler: (+1)
   \   00000000   0x....             LDR.N    R0,??DataTable17_20
   \   00000002   0x.... 0x....      B.W      _ZN10USARTClass10IrqHandlerEv
    530          #endif
    531            
    532          	  
    533          
    534            /* USER CODE END USART6_IRQn 0 */
    535            //HAL_UART_IRQHandler(&huart6);
    536            /* USER CODE BEGIN USART6_IRQn 1 */
    537          
    538            /* USER CODE END USART6_IRQn 1 */
    539          }
    540          
    541          /**
    542          * @brief This function handles EXTI line4 interrupt.
    543          */
    544          extern u32 mipi_te_cnt;

   \                                 In section .text, align 2, keep-with-next
    545          void EXTI4_IRQHandler(void)
    546          {
    547            /* USER CODE BEGIN EXTI4_IRQn 0 */
    548             mipi_te_cnt++;
   \                     EXTI4_IRQHandler: (+1)
   \   00000000   0x....             LDR.N    R0,??DataTable17_21
   \   00000002   0x6801             LDR      R1,[R0, #+0]
   \   00000004   0x1C49             ADDS     R1,R1,#+1
   \   00000006   0x6001             STR      R1,[R0, #+0]
    549          
    550            /* USER CODE END EXTI4_IRQn 0 */
    551            HAL_GPIO_EXTI_IRQHandler(GPIO_PIN_4);
   \   00000008   0x2010             MOVS     R0,#+16
   \   0000000A   0x.... 0x....      B.W      HAL_GPIO_EXTI_IRQHandler
    552            /* USER CODE BEGIN EXTI4_IRQn 1 */
    553          
    554            /* USER CODE END EXTI4_IRQn 1 */
    555          }

   \                                 In section .text, align 4, keep-with-next
   \                     ??DataTable17:
   \   00000000   0x........         DC32     _dwTickCount

   \                                 In section .text, align 4, keep-with-next
   \                     ??DataTable17_1:
   \   00000000   0x........         DC32     mksdlp

   \                                 In section .text, align 4, keep-with-next
   \                     ??DataTable17_2:
   \   00000000   0x........         DC32     card

   \                                 In section .text, align 4, keep-with-next
   \                     ??DataTable17_3:
   \   00000000   0x........         DC32     Appli_state

   \                                 In section .text, align 4, keep-with-next
   \                     ??DataTable17_4:
   \   00000000   0x........         DC32     hdma_spi2_rx

   \                                 In section .text, align 4, keep-with-next
   \                     ??DataTable17_5:
   \   00000000   0x........         DC32     hdma_spi2_tx

   \                                 In section .text, align 4, keep-with-next
   \                     ??DataTable17_6:
   \   00000000   0x........         DC32     htim2

   \                                 In section .text, align 4, keep-with-next
   \                     ??DataTable17_7:
   \   00000000   0x........         DC32     htim3

   \                                 In section .text, align 4, keep-with-next
   \                     ??DataTable17_8:
   \   00000000   0x........         DC32     htim4

   \                                 In section .text, align 4, keep-with-next
   \                     ??DataTable17_9:
   \   00000000   0x........         DC32     hspi1

   \                                 In section .text, align 4, keep-with-next
   \                     ??DataTable17_10:
   \   00000000   0x........         DC32     hspi2

   \                                 In section .text, align 4, keep-with-next
   \                     ??DataTable17_11:
   \   00000000   0x........         DC32     hsd

   \                                 In section .text, align 4, keep-with-next
   \                     ??DataTable17_12:
   \   00000000   0x........         DC32     htim5

   \                                 In section .text, align 4, keep-with-next
   \                     ??DataTable17_13:
   \   00000000   0x........         DC32     hdma_spi1_rx

   \                                 In section .text, align 4, keep-with-next
   \                     ??DataTable17_14:
   \   00000000   0x........         DC32     hdma_sdio_rx

   \                                 In section .text, align 4, keep-with-next
   \                     ??DataTable17_15:
   \   00000000   0x........         DC32     hhcd_USB_OTG_FS

   \                                 In section .text, align 4, keep-with-next
   \                     ??DataTable17_16:
   \   00000000   0x4240029C         DC32     0x4240029c

   \                                 In section .text, align 4, keep-with-next
   \                     ??DataTable17_17:
   \   00000000   0x........         DC32     hdma_spi1_tx

   \                                 In section .text, align 4, keep-with-next
   \                     ??DataTable17_18:
   \   00000000   0x........         DC32     hdma_sdio_tx

   \                                 In section .text, align 4, keep-with-next
   \                     ??DataTable17_19:
   \   00000000   0x........         DC32     hdma_usart1_tx

   \                                 In section .text, align 4, keep-with-next
   \                     ??DataTable17_20:
   \   00000000   0x........         DC32     Serial6

   \                                 In section .text, align 4, keep-with-next
   \                     ??DataTable17_21:
   \   00000000   0x........         DC32     mipi_te_cnt
    556          
    557          /* USER CODE BEGIN 1 */
    558          
    559          /* USER CODE END 1 */
    560          /************************ (C) COPYRIGHT STMicroelectronics *****END OF FILE****/

   Maximum stack usage in bytes:

   .cstack Function
   ------- --------
       0   BusFault_Handler
       0   DMA1_Stream3_IRQHandler
         0   -> HAL_DMA_IRQHandler
       0   DMA1_Stream4_IRQHandler
         0   -> HAL_DMA_IRQHandler
       0   DMA2_Stream0_IRQHandler
         0   -> HAL_DMA_IRQHandler
       0   DMA2_Stream1_IRQHandler
       0   DMA2_Stream3_IRQHandler
         0   -> HAL_DMA_IRQHandler
       0   DMA2_Stream5_IRQHandler
         0   -> HAL_DMA_IRQHandler
       0   DMA2_Stream6_IRQHandler
         0   -> HAL_DMA_IRQHandler
       0   DMA2_Stream7_IRQHandler
         0   -> HAL_DMA_IRQHandler
       0   DebugMon_Handler
       0   EXTI0_IRQHandler
         0   -> HAL_GPIO_EXTI_IRQHandler
       0   EXTI3_IRQHandler
         0   -> HAL_GPIO_EXTI_IRQHandler
       0   EXTI4_IRQHandler
         0   -> HAL_GPIO_EXTI_IRQHandler
       0   HardFault_Handler
       0   MemManage_Handler
       0   NMI_Handler
       0   OTG_FS_IRQHandler
         0   -> HAL_HCD_IRQHandler
       0   PendSV_Handler
       0   SDIO_IRQHandler
         0   -> HAL_SD_IRQHandler
       0   SPI1_IRQHandler
         0   -> HAL_SPI_IRQHandler
       0   SPI2_IRQHandler
         0   -> HAL_SPI_IRQHandler
       0   SVC_Handler
       8   SysTick_Handler
         8   -> HAL_IncTick
         8   -> HAL_SYSTICK_IRQHandler
         0   -> SysTick_Handler_User()
       8   TIM2_IRQHandler
         8   -> HAL_TIM_IRQHandler
         0   -> IsrStepperHandler
       8   TIM3_IRQHandler
         0   -> HAL_TIM_IRQHandler
         8   -> MKS_DLP::buzzer_polling()
       0   TIM4_IRQHandler
         0   -> HAL_TIM_IRQHandler
       0   TIM5_IRQHandler
         0   -> HAL_TIM_IRQHandler
       0   USART6_IRQHandler
         0   -> USARTClass::IrqHandler()
       0   UsageFault_Handler


   Section sizes:

   Bytes  Function/Label
   -----  --------------
       4  ??DataTable17
       4  ??DataTable17_1
       4  ??DataTable17_10
       4  ??DataTable17_11
       4  ??DataTable17_12
       4  ??DataTable17_13
       4  ??DataTable17_14
       4  ??DataTable17_15
       4  ??DataTable17_16
       4  ??DataTable17_17
       4  ??DataTable17_18
       4  ??DataTable17_19
       4  ??DataTable17_2
       4  ??DataTable17_20
       4  ??DataTable17_21
       4  ??DataTable17_3
       4  ??DataTable17_4
       4  ??DataTable17_5
       4  ??DataTable17_6
       4  ??DataTable17_7
       4  ??DataTable17_8
       4  ??DataTable17_9
       2  BusFault_Handler
       6  DMA1_Stream3_IRQHandler
       6  DMA1_Stream4_IRQHandler
       6  DMA2_Stream0_IRQHandler
       2  DMA2_Stream1_IRQHandler
       6  DMA2_Stream3_IRQHandler
      12  DMA2_Stream5_IRQHandler
       6  DMA2_Stream6_IRQHandler
       6  DMA2_Stream7_IRQHandler
       2  DebugMon_Handler
      10  EXTI0_IRQHandler
       8  EXTI3_IRQHandler
      14  EXTI4_IRQHandler
       2  HardFault_Handler
       2  MemManage_Handler
       2  NMI_Handler
       6  OTG_FS_IRQHandler
       2  PendSV_Handler
       6  SDIO_IRQHandler
       6  SPI1_IRQHandler
       6  SPI2_IRQHandler
       2  SVC_Handler
      68  SysTick_Handler
      16  TIM2_IRQHandler
      18  TIM3_IRQHandler
       6  TIM4_IRQHandler
       6  TIM5_IRQHandler
       6  USART6_IRQHandler
       2  UsageFault_Handler
       1  -- Other

 
   1 byte  in section .rodata
 330 bytes in section .text
 
 330 bytes of CODE  memory
   0 bytes of CONST memory (+ 1 byte shared)

Errors: none
Warnings: 68
